19:02:01 **** Incremental Build of configuration Debug for project frdmmcxn947_lpadc_temperature_measurement_cm33_core0 ****
make -r -j12 all 
make[1]: Nothing to be done for 'main-build'.
Performing post-build steps
arm-none-eabi-size "frdmmcxn947_lpadc_temperature_measurement_cm33_core0.axf"; # arm-none-eabi-objcopy -v -O binary "frdmmcxn947_lpadc_temperature_measurement_cm33_core0.axf" "frdmmcxn947_lpadc_temperature_measurement_cm33_core0.bin" ; # checksum -p MCXN947 -d "frdmmcxn947_lpadc_temperature_measurement_cm33_core0.bin";
   text	   data	    bss	    dec	    hex	filename
  27816	     12	   8764	  36592	   8ef0	frdmmcxn947_lpadc_temperature_measurement_cm33_core0.axf
 

19:02:01 Build Finished. 0 errors, 0 warnings. (took 264ms)

