19:30:55 **** Incremental Build of configuration Debug for project frdmmcxn947_lwip_httpsrv_bm_cm33_core0 ****
make -r -j12 all 
make[1]: Nothing to be done for 'main-build'.
Performing post-build steps
arm-none-eabi-size "frdmmcxn947_lwip_httpsrv_bm_cm33_core0.axf"; # arm-none-eabi-objcopy -v -O binary "frdmmcxn947_lwip_httpsrv_bm_cm33_core0.axf" "frdmmcxn947_lwip_httpsrv_bm_cm33_core0.bin" ; # checksum -p MCXN947 -d "frdmmcxn947_lwip_httpsrv_bm_cm33_core0.bin";
   text	   data	    bss	    dec	    hex	filename
 143048	     32	  61228	 204308	  31e14	frdmmcxn947_lwip_httpsrv_bm_cm33_core0.axf
 

19:30:56 Build Finished. 0 errors, 0 warnings. (took 462ms)

