C:\Users\me\Documents\MCUXpressoIDE_25.6.136\test\frdmmcxn947_lpadc_temperature_measurement_cm33_core0\CMSIS/core_cm33.h:2358:22:__NVIC_EnableIRQ	16	static
C:\Users\me\Documents\MCUXpressoIDE_25.6.136\test\frdmmcxn947_lpadc_temperature_measurement_cm33_core0\drivers/fsl_common_arm.h:714:24:EnableIRQ	24	static
C:\Users\me\Documents\MCUXpressoIDE_25.6.136\test\frdmmcxn947_lpadc_temperature_measurement_cm33_core0\drivers/fsl_lpadc.h:823:20:LPADC_DoResetFIFO0	16	static
C:\Users\me\Documents\MCUXpressoIDE_25.6.136\test\frdmmcxn947_lpadc_temperature_measurement_cm33_core0\drivers/fsl_lpadc.h:939:20:LPADC_EnableInterrupts	16	static
C:\Users\me\Documents\MCUXpressoIDE_25.6.136\test\frdmmcxn947_lpadc_temperature_measurement_cm33_core0\drivers/fsl_lpadc.h:1131:20:LPADC_DoSoftwareTrigger	16	static
C:\Users\me\Documents\MCUXpressoIDE_25.6.136\test\frdmmcxn947_lpadc_temperature_measurement_cm33_core0\drivers/fsl_lpadc.h:1298:20:LPADC_SetOffsetValue	24	static
../source/lpadc_temperature_measurement.c:38:6:ADC0_IRQHandler	8	static
../source/lpadc_temperature_measurement.c:48:5:main	8	static
../source/lpadc_temperature_measurement.c:84:13:ADC_Configuration	48	static
