Archive member included to satisfy reference by file (symbol)

C:/nxp/MCUXpressoIDE_25.6.136/ide/plugins/com.nxp.mcuxpresso.tools.win32_25.6.0.202501151204/tools/bin/../lib/gcc/arm-none-eabi/14.2.1/../../../../arm-none-eabi/lib/thumb/v8-m.main+fp/hard\libcr_nohost_nf.a(_cr__main.o)
                              ./startup/startup_mcxn947_cm33_core0.o (__main)
C:/nxp/MCUXpressoIDE_25.6.136/ide/plugins/com.nxp.mcuxpresso.tools.win32_25.6.0.202501151204/tools/bin/../lib/gcc/arm-none-eabi/14.2.1/../../../../arm-none-eabi/lib/thumb/v8-m.main+fp/hard\libcr_c.a(memset.o)
                              ./drivers/fsl_lpadc.o (memset)
C:/nxp/MCUXpressoIDE_25.6.136/ide/plugins/com.nxp.mcuxpresso.tools.win32_25.6.0.202501151204/tools/bin/../lib/gcc/arm-none-eabi/14.2.1/../../../../arm-none-eabi/lib/thumb/v8-m.main+fp/hard\libcr_c.a(alloc.o)
                              ./drivers/fsl_common.o (malloc)
C:/nxp/MCUXpressoIDE_25.6.136/ide/plugins/com.nxp.mcuxpresso.tools.win32_25.6.0.202501151204/tools/bin/../lib/gcc/arm-none-eabi/14.2.1/../../../../arm-none-eabi/lib/thumb/v8-m.main+fp/hard\libcr_c.a(errno.o)
                              ./utilities/str/fsl_str.o (errno)
C:/nxp/MCUXpressoIDE_25.6.136/ide/plugins/com.nxp.mcuxpresso.tools.win32_25.6.0.202501151204/tools/bin/../lib/gcc/arm-none-eabi/14.2.1/../../../../arm-none-eabi/lib/thumb/v8-m.main+fp/hard\libcr_c.a(initio.o)
                              C:/nxp/MCUXpressoIDE_25.6.136/ide/plugins/com.nxp.mcuxpresso.tools.win32_25.6.0.202501151204/tools/bin/../lib/gcc/arm-none-eabi/14.2.1/../../../../arm-none-eabi/lib/thumb/v8-m.main+fp/hard\libcr_nohost_nf.a(_cr__main.o) (_initio)
C:/nxp/MCUXpressoIDE_25.6.136/ide/plugins/com.nxp.mcuxpresso.tools.win32_25.6.0.202501151204/tools/bin/../lib/gcc/arm-none-eabi/14.2.1/../../../../arm-none-eabi/lib/thumb/v8-m.main+fp/hard\libcr_c.a(modf.o)
                              ./utilities/str/fsl_str.o (modf)
C:/nxp/MCUXpressoIDE_25.6.136/ide/plugins/com.nxp.mcuxpresso.tools.win32_25.6.0.202501151204/tools/bin/../lib/gcc/arm-none-eabi/14.2.1/../../../../arm-none-eabi/lib/thumb/v8-m.main+fp/hard\libcr_c.a(pow.o)
                              ./utilities/str/fsl_str.o (pow)
C:/nxp/MCUXpressoIDE_25.6.136/ide/plugins/com.nxp.mcuxpresso.tools.win32_25.6.0.202501151204/tools/bin/../lib/gcc/arm-none-eabi/14.2.1/../../../../arm-none-eabi/lib/thumb/v8-m.main+fp/hard\libcr_c.a(scanf.o)
                              ./utilities/str/fsl_str.o (strtoul)
C:/nxp/MCUXpressoIDE_25.6.136/ide/plugins/com.nxp.mcuxpresso.tools.win32_25.6.0.202501151204/tools/bin/../lib/gcc/arm-none-eabi/14.2.1/../../../../arm-none-eabi/lib/thumb/v8-m.main+fp/hard\libcr_c.a(setvbuf.o)
                              C:/nxp/MCUXpressoIDE_25.6.136/ide/plugins/com.nxp.mcuxpresso.tools.win32_25.6.0.202501151204/tools/bin/../lib/gcc/arm-none-eabi/14.2.1/../../../../arm-none-eabi/lib/thumb/v8-m.main+fp/hard\libcr_c.a(initio.o) (setvbuf)
C:/nxp/MCUXpressoIDE_25.6.136/ide/plugins/com.nxp.mcuxpresso.tools.win32_25.6.0.202501151204/tools/bin/../lib/gcc/arm-none-eabi/14.2.1/../../../../arm-none-eabi/lib/thumb/v8-m.main+fp/hard\libcr_c.a(strlen.o)
                              ./utilities/str/fsl_str.o (strlen)
C:/nxp/MCUXpressoIDE_25.6.136/ide/plugins/com.nxp.mcuxpresso.tools.win32_25.6.0.202501151204/tools/bin/../lib/gcc/arm-none-eabi/14.2.1/../../../../arm-none-eabi/lib/thumb/v8-m.main+fp/hard\libcr_c.a(ungetc.o)
                              C:/nxp/MCUXpressoIDE_25.6.136/ide/plugins/com.nxp.mcuxpresso.tools.win32_25.6.0.202501151204/tools/bin/../lib/gcc/arm-none-eabi/14.2.1/../../../../arm-none-eabi/lib/thumb/v8-m.main+fp/hard\libcr_c.a(scanf.o) (ungetc)
C:/nxp/MCUXpressoIDE_25.6.136/ide/plugins/com.nxp.mcuxpresso.tools.win32_25.6.0.202501151204/tools/bin/../lib/gcc/arm-none-eabi/14.2.1/../../../../arm-none-eabi/lib/thumb/v8-m.main+fp/hard\libcr_c.a(__fillbuf.o)
                              C:/nxp/MCUXpressoIDE_25.6.136/ide/plugins/com.nxp.mcuxpresso.tools.win32_25.6.0.202501151204/tools/bin/../lib/gcc/arm-none-eabi/14.2.1/../../../../arm-none-eabi/lib/thumb/v8-m.main+fp/hard\libcr_c.a(scanf.o) (__filbuf)
C:/nxp/MCUXpressoIDE_25.6.136/ide/plugins/com.nxp.mcuxpresso.tools.win32_25.6.0.202501151204/tools/bin/../lib/gcc/arm-none-eabi/14.2.1/../../../../arm-none-eabi/lib/thumb/v8-m.main+fp/hard\libcr_c.a(__init_alloc.o)
                              C:/nxp/MCUXpressoIDE_25.6.136/ide/plugins/com.nxp.mcuxpresso.tools.win32_25.6.0.202501151204/tools/bin/../lib/gcc/arm-none-eabi/14.2.1/../../../../arm-none-eabi/lib/thumb/v8-m.main+fp/hard\libcr_c.a(alloc.o) (__heaps)
C:/nxp/MCUXpressoIDE_25.6.136/ide/plugins/com.nxp.mcuxpresso.tools.win32_25.6.0.202501151204/tools/bin/../lib/gcc/arm-none-eabi/14.2.1/../../../../arm-none-eabi/lib/thumb/v8-m.main+fp/hard\libcr_c.a(_cr_sbrk.o)
[...]
Memory Configuration

Name             Origin             Length             Attributes
PROGRAM_FLASH0   0x00000000         0x00100000         xr
PROGRAM_FLASH1   0x00100000         0x00100000         xr
SRAM             0x20000000         0x00060000         xrw
SRAMX            0x04000000         0x00018000         xrw
SRAMH            0x20060000         0x00008000         xrw
USB_RAM          0x400ba000         0x00001000         xrw
*default*        0x00000000         0xffffffff

Linker script and memory map

LOAD ./utilities/str/fsl_str.o
LOAD ./utilities/debug_console_lite/fsl_debug_console.o
LOAD ./utilities/fsl_assert.o
LOAD ./utilities/fsl_memcpy.o
LOAD ./startup/boot_multicore_slave.o
LOAD ./startup/startup_mcxn947_cm33_core0.o
LOAD ./source/lpadc_temperature_measurement.o
LOAD ./source/semihost_hardfault.o
LOAD ./drivers/fsl_clock.o
LOAD ./drivers/fsl_common.o
LOAD ./drivers/fsl_common_arm.o
LOAD ./drivers/fsl_gpio.o
LOAD ./drivers/fsl_inputmux.o
LOAD ./drivers/fsl_lpadc.o
LOAD ./drivers/fsl_lpflexcomm.o
LOAD ./drivers/fsl_lpuart.o
LOAD ./drivers/fsl_reset.o
LOAD ./drivers/fsl_spc.o
LOAD ./drivers/fsl_vref.o
LOAD ./device/system_MCXN947_cm33_core0.o
LOAD ./component/uart/fsl_adapter_lpuart.o
LOAD ./board/board.o
LOAD ./board/clock_config.o
LOAD ./board/hardware_init.o
LOAD ./board/pin_mux.o
START GROUP
LOAD C:/nxp/MCUXpressoIDE_25.6.136/ide/plugins/com.nxp.mcuxpresso.tools.win32_25.6.0.202501151204/tools/bin/../lib/gcc/arm-none-eabi/14.2.1/../../../../arm-none-eabi/lib/thumb/v8-m.main+fp/hard\libcr_nohost_nf.a
LOAD C:/nxp/MCUXpressoIDE_25.6.136/ide/plugins/com.nxp.mcuxpresso.tools.win32_25.6.0.202501151204/tools/bin/../lib/gcc/arm-none-eabi/14.2.1/../../../../arm-none-eabi/lib/thumb/v8-m.main+fp/hard\libcr_c.a
LOAD C:/nxp/MCUXpressoIDE_25.6.136/ide/plugins/com.nxp.mcuxpresso.tools.win32_25.6.0.202501151204/tools/bin/../lib/gcc/arm-none-eabi/14.2.1/thumb/v8-m.main+fp/hard\libcr_eabihelpers.a
LOAD C:/nxp/MCUXpressoIDE_25.6.136/ide/plugins/com.nxp.mcuxpresso.tools.win32_25.6.0.202501151204/tools/bin/../lib/gcc/arm-none-eabi/14.2.1/thumb/v8-m.main+fp/hard\libgcc.a
END GROUP
                0x00000000                        __base_PROGRAM_FLASH0 = 0x0
                0x00000000                        __base_Flash = 0x0
                0x00100000                        __top_PROGRAM_FLASH0 = 0x100000
                0x00100000                        __top_Flash = 0x100000
                0x00100000                        __base_PROGRAM_FLASH1 = 0x100000
                0x00100000                        __base_Flash2 = 0x100000
                0x00200000                        __top_PROGRAM_FLASH1 = 0x200000
                0x00200000                        __top_Flash2 = 0x200000
                0x20000000                        __base_SRAM = 0x20000000
                0x20000000                        __base_RAM = 0x20000000
                0x20060000                        __top_SRAM = 0x20060000
                0x20060000                        __top_RAM = 0x20060000
                0x04000000                        __base_SRAMX = 0x4000000
                0x04000000                        __base_RAM2 = 0x4000000
                0x04018000                        __top_SRAMX = 0x4018000
                0x04018000                        __top_RAM2 = 0x4018000
                0x20060000                        __base_SRAMH = 0x20060000
                0x20060000                        __base_RAM3 = 0x20060000
                0x20068000                        __top_SRAMH = 0x20068000
                0x20068000                        __top_RAM3 = 0x20068000
                0x400ba000                        __base_USB_RAM = 0x400ba000
                0x400ba000                        __base_RAM4 = 0x400ba000
                0x400bb000                        __top_USB_RAM = 0x400bb000
                0x400bb000                        __top_RAM4 = 0x400bb000

.text_Flash2    0x00100000        0x0
 FILL mask 0xff
 *(SORT_BY_ALIGNMENT(.text_Flash2))
 *(SORT_BY_ALIGNMENT(.text_PROGRAM_FLASH1))
 *(SORT_BY_ALIGNMENT(.text.$Flash2))
 *(SORT_BY_ALIGNMENT(.text.$PROGRAM_FLASH1))
 *(SORT_BY_ALIGNMENT(.text_Flash2.*))
 *(SORT_BY_ALIGNMENT(.text_PROGRAM_FLASH1.*))
 *(SORT_BY_ALIGNMENT(.text.$Flash2.*))
 *(SORT_BY_ALIGNMENT(.text.$PROGRAM_FLASH1.*))
 *(SORT_BY_ALIGNMENT(.rodata.$Flash2))
 *(SORT_BY_ALIGNMENT(.rodata.$PROGRAM_FLASH1))
 *(SORT_BY_ALIGNMENT(.rodata.$Flash2.*))
 *(SORT_BY_ALIGNMENT(.rodata.$PROGRAM_FLASH1.*))

.text           0x00000000     0x6ca8
 FILL mask 0xff
                0x00000000                        __vectors_start__ = ABSOLUTE (.)
 *(SORT_BY_ALIGNMENT(.isr_vector))
 .isr_vector    0x00000000      0x2b0 ./startup/startup_mcxn947_cm33_core0.o
                0x00000000                g_pfnVectors
                0x00000000                __Vectors
                0x000002b0                        . = ALIGN (0x4)
                0x000002b0                        __section_table_start = .
                0x000002b0                        __data_section_table = .
                0x000002b0        0x4 LONG 0x6ca8 LOADADDR (.data)
                0x000002b4        0x4 LONG 0x20000000 ADDR (.data)
                0x000002b8        0x4 LONG 0xc SIZEOF (.data)
                0x000002bc        0x4 LONG 0x6ca8 LOADADDR (.data_RAM2)
                0x000002c0        0x4 LONG 0x4000000 ADDR (.data_RAM2)
                0x000002c4        0x4 LONG 0x0 SIZEOF (.data_RAM2)
                0x000002c8        0x4 LONG 0x6ca8 LOADADDR (.data_RAM3)
                0x000002cc        0x4 LONG 0x20060000 ADDR (.data_RAM3)
                0x000002d0        0x4 LONG 0x0 SIZEOF (.data_RAM3)
                0x000002d4        0x4 LONG 0x6ca8 LOADADDR (.data_RAM4)
                0x000002d8        0x4 LONG 0x400ba000 ADDR (.data_RAM4)
                0x000002dc        0x4 LONG 0x0 SIZEOF (.data_RAM4)
                0x000002e0                        __data_section_table_end = .
                0x000002e0                        __bss_section_table = .
                0x000002e0        0x4 LONG 0x2000000c ADDR (.bss)
                0x000002e4        0x4 LONG 0x23c SIZEOF (.bss)
                0x000002e8        0x4 LONG 0x4000000 ADDR (.bss_RAM2)
                0x000002ec        0x4 LONG 0x0 SIZEOF (.bss_RAM2)
                0x000002f0        0x4 LONG 0x20060000 ADDR (.bss_RAM3)
                0x000002f4        0x4 LONG 0x0 SIZEOF (.bss_RAM3)
                0x000002f8        0x4 LONG 0x400ba000 ADDR (.bss_RAM4)
                0x000002fc        0x4 LONG 0x0 SIZEOF (.bss_RAM4)
                0x00000300                        __bss_section_table_end = .
                0x00000300                        __section_table_end = .
 *(SORT_BY_ALIGNMENT(.after_vectors*))
 .after_vectors.reset
                0x00000300       0x68 ./startup/startup_mcxn947_cm33_core0.o
                0x00000300                ResetISR
 .after_vectors.init_data
                0x00000368       0x1e ./startup/startup_mcxn947_cm33_core0.o
                0x00000368                data_init
 .after_vectors.init_bss
                0x00000386       0x12 ./startup/startup_mcxn947_cm33_core0.o
                0x00000386                bss_init
 .after_vectors
                0x00000398       0x16 ./startup/startup_mcxn947_cm33_core0.o
                0x00000398                NMI_Handler
                0x0000039c                MemManage_Handler
                0x0000039e                BusFault_Handler
                0x000003a0                UsageFault_Handler
                0x000003a2                SecureFault_Handler
                0x000003a4                SVC_Handler
                0x000003a6                DebugMon_Handler
                0x000003a8                PendSV_Handler
                0x000003aa                SysTick_Handler
                0x000003ac                PKC_ERR_DriverIRQHandler
                0x000003ac                QDC1_HOME_DriverIRQHandler
                0x000003ac                EDMA_0_CH5_DriverIRQHandler
                0x000003ac                EDMA_0_CH14_DriverIRQHandler
                0x000003ac                EDMA_1_CH0_DriverIRQHandler
                0x000003ac                I3C0_DriverIRQHandler
                0x000003ac                CMC0_DriverIRQHandler
                0x000003ac                EDMA_0_CH15_DriverIRQHandler
                0x000003ac                LPTMR0_DriverIRQHandler
                0x000003ac                EDMA_0_CH2_DriverIRQHandler
                0x000003ac                USB0_FS_DriverIRQHandler
                0x000003ac                FLEXPWM1_SUBMODULE1_DriverIRQHandler
                0x000003ac                FLEXPWM0_SUBMODULE1_DriverIRQHandler
                0x000003ac                SCG_DriverIRQHandler
                0x000003ac                EDMA_1_CH13_DriverIRQHandler
                0x000003ac                EDMA_1_CH11_DriverIRQHandler
                0x000003ac                FLEXPWM0_RELOAD_ERROR_DriverIRQHandler
                0x000003ac                QDC0_HOME_DriverIRQHandler
                0x000003ac                Reserved167_DriverIRQHandler
                0x000003ac                EDMA_1_CH9_DriverIRQHandler
                0x000003ac                SEC_VIO_DriverIRQHandler
                0x000003ac                ERM_MULTI_BIT_ERROR_DriverIRQHandler
                0x000003ac                GPIO31_DriverIRQHandler
                0x000003ac                EWM0_DriverIRQHandler
                0x000003ac                PKC_DriverIRQHandler
                0x000003ac                EDMA_0_CH10_DriverIRQHandler
                0x000003ac                USB1_HS_PHY_DriverIRQHandler
                0x000003ac                QDC0_IDX_DriverIRQHandler
                0x000003ac                ELS_DriverIRQHandler
                0x000003ac                Reserved166_DriverIRQHandler
                0x000003ac                EDMA_1_CH2_DriverIRQHandler
                0x000003ac                ETHERNET_DriverIRQHandler
                0x000003ac                QDC1_IDX_DriverIRQHandler
                0x000003ac                EDMA_1_CH14_DriverIRQHandler
                0x000003ac                FLEXPWM1_SUBMODULE3_DriverIRQHandler
                0x000003ac                EDMA_1_CH7_DriverIRQHandler
                0x000003ac                EDMA_1_CH6_DriverIRQHandler
                0x000003ac                DAC1_DriverIRQHandler
                0x000003ac                CTIMER2_DriverIRQHandler
                0x000003ac                EMVSIM0_DriverIRQHandler
                0x000003ac                ITRC0_DriverIRQHandler
                0x000003ac                EDMA_0_CH9_DriverIRQHandler
                0x000003ac                ETB0_DriverIRQHandler
                0x000003ac                WWDT1_DriverIRQHandler
                0x000003ac                Reserved80_DriverIRQHandler
                0x000003ac                IntDefaultHandler
                0x000003ac                ELS_ERR_DriverIRQHandler
                0x000003ac                FLEXIO_DriverIRQHandler
                0x000003ac                DAC0_DriverIRQHandler
                0x000003ac                MRT0_DriverIRQHandler
                0x000003ac                UTICK0_DriverIRQHandler
                0x000003ac                FLEXPWM0_SUBMODULE2_DriverIRQHandler
                0x000003ac                GPIO01_DriverIRQHandler
                0x000003ac                EDMA_0_CH3_DriverIRQHandler
                0x000003ac                WWDT0_DriverIRQHandler
                0x000003ac                USDHC0_DriverIRQHandler
                0x000003ac                GPIO00_DriverIRQHandler
                0x000003ac                EDMA_0_CH4_DriverIRQHandler
                0x000003ac                GPIO11_DriverIRQHandler
                0x000003ac                CTIMER4_DriverIRQHandler
                0x000003ac                BSP32_DriverIRQHandler
                0x000003ac                FLEXPWM0_FAULT_DriverIRQHandler
                0x000003ac                EDMA_1_CH1_DriverIRQHandler
                0x000003ac                SAI1_DriverIRQHandler
                0x000003ac                ERM_SINGLE_BIT_ERROR_DriverIRQHandler
                0x000003ac                GPIO21_DriverIRQHandler
                0x000003ac                FLEXPWM1_FAULT_DriverIRQHandler
                0x000003ac                GPIO30_DriverIRQHandler
                0x000003ac                CTIMER0_DriverIRQHandler
                0x000003ac                CTIMER1_DriverIRQHandler
                0x000003ac                QDC0_COMPARE_DriverIRQHandler
                0x000003ac                PINT0_DriverIRQHandler
                0x000003ac                ADC1_DriverIRQHandler
                0x000003ac                PQ_DriverIRQHandler
                0x000003ac                ETHERNET_MACLP_DriverIRQHandler
                0x000003ac                USB0_DCD_DriverIRQHandler
                0x000003ac                EDMA_0_CH11_DriverIRQHandler
                0x000003ac                MAILBOX_DriverIRQHandler
                0x000003ac                WUU_DriverIRQHandler
                0x000003ac                EDMA_0_CH6_DriverIRQHandler
                0x000003ac                CTIMER3_DriverIRQHandler
                0x000003ac                FLEXPWM1_SUBMODULE0_DriverIRQHandler
                0x000003ac                CDOG1_DriverIRQHandler
                0x000003ac                TSI_OUT_OF_SCAN_DriverIRQHandler
                0x000003ac                EDMA_1_CH4_DriverIRQHandler
                0x000003ac                PUF_DriverIRQHandler
                0x000003ac                SPC_DriverIRQHandler
                0x000003ac                RTC_DriverIRQHandler
                0x000003ac                VBAT0_DriverIRQHandler
                0x000003ac                Reserved65_DriverIRQHandler
                0x000003ac                HSCMP2_DriverIRQHandler
                0x000003ac                EDMA_0_CH0_DriverIRQHandler
                0x000003ac                EDMA_1_CH5_DriverIRQHandler
                0x000003ac                PDM_EVENT_DriverIRQHandler
                0x000003ac                Freqme_DriverIRQHandler
                0x000003ac                ETHERNET_PMT_DriverIRQHandler
                0x000003ac                FLEXPWM1_RELOAD_ERROR_DriverIRQHandler
                0x000003ac                FMU0_DriverIRQHandler
                0x000003ac                QDC1_COMPARE_DriverIRQHandler
                0x000003ac                EDMA_0_CH8_DriverIRQHandler
                0x000003ac                LPTMR1_DriverIRQHandler
                0x000003ac                GPIO40_DriverIRQHandler
                0x000003ac                CTI0_DriverIRQHandler
                0x000003ac                EDMA_1_CH3_DriverIRQHandler
                0x000003ac                EDMA_1_CH15_DriverIRQHandler
                0x000003ac                FLEXPWM1_SUBMODULE2_DriverIRQHandler
                0x000003ac                GPIO20_DriverIRQHandler
                0x000003ac                QDC1_WDG_SAB_DriverIRQHandler
                0x000003ac                EDMA_1_CH8_DriverIRQHandler
                0x000003ac                GDET_DriverIRQHandler
                0x000003ac                PORT_EFT_DriverIRQHandler
                0x000003ac                Reserved85_DriverIRQHandler
                0x000003ac                Reserved81_DriverIRQHandler
                0x000003ac                TSI_END_OF_SCAN_DriverIRQHandler
                0x000003ac                FLEXPWM0_SUBMODULE3_DriverIRQHandler
                0x000003ac                ADC0_DriverIRQHandler
                0x000003ac                OR_DriverIRQHandler
                0x000003ac                EDMA_0_CH13_DriverIRQHandler
                0x000003ac                USB1_HS_DriverIRQHandler
                0x000003ac                EDMA_0_CH1_DriverIRQHandler
                0x000003ac                DAC2_DriverIRQHandler
                0x000003ac                GPIO51_DriverIRQHandler
                0x000003ac                HSCMP0_DriverIRQHandler
                0x000003ac                EDMA_0_CH12_DriverIRQHandler
                0x000003ac                QDC0_WDG_SAB_DriverIRQHandler
                0x000003ac                CDOG0_DriverIRQHandler
                0x000003ac                CAN0_DriverIRQHandler
                0x000003ac                SMARTDMA_DriverIRQHandler
                0x000003ac                SAI0_DriverIRQHandler
                0x000003ac                EMVSIM1_DriverIRQHandler
                0x000003ac                I3C1_DriverIRQHandler
                0x000003ac                EDMA_0_CH7_DriverIRQHandler
                0x000003ac                HSCMP1_DriverIRQHandler
                0x000003ac                EDMA_1_CH10_DriverIRQHandler
                0x000003ac                EDMA_1_CH12_DriverIRQHandler
                0x000003ac                FLEXSPI0_DriverIRQHandler
                0x000003ac                GPIO50_DriverIRQHandler
                0x000003ac                GPIO10_DriverIRQHandler
                0x000003ac                SCT0_DriverIRQHandler
                0x000003ac                CAN1_DriverIRQHandler
                0x000003ac                PLU_DriverIRQHandler
                0x000003ac                FLEXPWM0_SUBMODULE0_DriverIRQHandler
                0x000003ac                OS_EVENT_DriverIRQHandler
                0x000003ac                SINC_FILTER_DriverIRQHandler
                0x000003ac                NPU_DriverIRQHandler
                0x000003ac                GPIO41_DriverIRQHandler
                0x000003ac                SEC_HYPERVISOR_CALL_DriverIRQHandler
 *(SORT_BY_ALIGNMENT(.text*))
 *fill*         0x000003ae        0x2 ff
 .text.DbgConsole_ConvertFloatRadixNumToString
                0x000003b0      0x2a0 ./utilities/debug_console_lite/fsl_debug_console.o
 .text.pow      0x00000650      0x55c C:/nxp/MCUXpressoIDE_25.6.136/ide/plugins/com.nxp.mcuxpresso.tools.win32_25.6.0.202501151204/tools/bin/../lib/gcc/arm-none-eabi/14.2.1/../../../../arm-none-eabi/lib/thumb/v8-m.main+fp/hard\libcr_c.a(pow.o)
                0x00000650                pow
 *fill*         0x00000bac        0x4 ff
 .text.frexp    0x00000bb0       0x70 C:/nxp/MCUXpressoIDE_25.6.136/ide/plugins/com.nxp.mcuxpresso.tools.win32_25.6.0.202501151204/tools/bin/../lib/gcc/arm-none-eabi/14.2.1/../../../../arm-none-eabi/lib/thumb/v8-m.main+fp/hard\libcr_c.a(frexp.o)
                0x00000bb0                frexp
 .text.ldexp    0x00000c20       0x5c C:/nxp/MCUXpressoIDE_25.6.136/ide/plugins/com.nxp.mcuxpresso.tools.win32_25.6.0.202501151204/tools/bin/../lib/gcc/arm-none-eabi/14.2.1/../../../../arm-none-eabi/lib/thumb/v8-m.main+fp/hard\libcr_c.a(ldexp.o)
                0x00000c20                ldexp
 .text.DbgConsole_Init
                0x00000c7c       0x88 ./utilities/debug_console_lite/fsl_debug_console.o
                0x00000c7c                DbgConsole_Init
 .text.DbgConsole_Vprintf
                0x00000d04       0x3c ./utilities/debug_console_lite/fsl_debug_console.o
                0x00000d04                DbgConsole_Vprintf
 .text.DbgConsole_Putchar
                0x00000d40       0x30 ./utilities/debug_console_lite/fsl_debug_console.o
                0x00000d40                DbgConsole_Putchar
 .text.DbgConsole_Getchar
                0x00000d70       0x3c ./utilities/debug_console_lite/fsl_debug_console.o
                0x00000d70                DbgConsole_Getchar
 .text.DbgConsole_PrintfFormattedData
                0x00000dac      0xb68 ./utilities/debug_console_lite/fsl_debug_console.o
 .text.__assertion_failed
                0x00001914       0x3c ./utilities/fsl_assert.o
                0x00001914                __assertion_failed
 .text          0x00001950       0xa0 ./utilities/fsl_memcpy.o
                0x00001950                memcpy
 .text.__NVIC_EnableIRQ
                0x000019f0       0x3c ./source/lpadc_temperature_measurement.o
 .text.LPADC_EnableInterrupts
                0x00001a2c       0x38 ./source/lpadc_temperature_measurement.o
 .text.ADC0_IRQHandler
                0x00001a64       0x30 ./source/lpadc_temperature_measurement.o
                0x00001a64                ADC0_IRQHandler
 .text.main     0x00001a94       0x8c ./source/lpadc_temperature_measurement.o
                0x00001a94                main
 .text.ADC_Configuration
                0x00001b20       0xd4 ./source/lpadc_temperature_measurement.o
 .text.CLOCK_IsPLL0Locked
                0x00001bf4       0x28 ./drivers/fsl_clock.o
 .text.CLOCK_SetupFROHFClocking
                0x00001c1c       0x9c ./drivers/fsl_clock.o
                0x00001c1c                CLOCK_SetupFROHFClocking
 .text.CLOCK_SetPll0MonitorMode
                0x00001cb8       0x38 ./drivers/fsl_clock.o
                0x00001cb8                CLOCK_SetPll0MonitorMode
 .text.CLOCK_AttachClk
                0x00001cf0       0xd0 ./drivers/fsl_clock.o
                0x00001cf0                CLOCK_AttachClk
 .text.CLOCK_SetClkDiv
                0x00001dc0       0x54 ./drivers/fsl_clock.o
                0x00001dc0                CLOCK_SetClkDiv
 .text.CLOCK_GetPLL0InClockRate
                0x00001e14       0x5c ./drivers/fsl_clock.o
                0x00001e14                CLOCK_GetPLL0InClockRate
 .text.CLOCK_SetPLL0Freq
                0x00001e70      0x10c ./drivers/fsl_clock.o
                0x00001e70                CLOCK_SetPLL0Freq
 .text.CLOCK_GetClk48MFreq
                0x00001f7c       0x2c ./drivers/fsl_clock.o
 .text.CLOCK_GetExtClkFreq
                0x00001fa8       0x2c ./drivers/fsl_clock.o
 .text.CLOCK_GetOsc32KFreq
                0x00001fd4       0x4c ./drivers/fsl_clock.o
 .text.findPll0PreDiv
                0x00002020       0x40 ./drivers/fsl_clock.o
 .text.findPll0PostDiv
                0x00002060       0x60 ./drivers/fsl_clock.o
 .text.findPll0MMult
                0x000020c0       0xac ./drivers/fsl_clock.o
 .text.SDK_DelayAtLeastUs
                0x0000216c       0x8c ./drivers/fsl_common_arm.o
                0x0000216c                SDK_DelayAtLeastUs
 .text.CLOCK_EnableClock
                0x000021f8       0xa0 ./drivers/fsl_lpadc.o
 .text.LPADC_GetInstance
                0x00002298       0x4c ./drivers/fsl_lpadc.o
 .text.LPADC_Init
                0x000022e4      0x170 ./drivers/fsl_lpadc.o
                0x000022e4                LPADC_Init
 .text.LPADC_GetConvResult
                0x00002454       0x70 ./drivers/fsl_lpadc.o
                0x00002454                LPADC_GetConvResult
 .text.LPADC_SetConvTriggerConfig
                0x000024c4       0x8c ./drivers/fsl_lpadc.o
                0x000024c4                LPADC_SetConvTriggerConfig
 .text.LPADC_GetDefaultConvTriggerConfig
                0x00002550       0x50 ./drivers/fsl_lpadc.o
                0x00002550                LPADC_GetDefaultConvTriggerConfig
 .text.LPADC_SetConvCommandConfig
                0x000025a0      0x160 ./drivers/fsl_lpadc.o
                0x000025a0                LPADC_SetConvCommandConfig
 .text.LPADC_GetDefaultConvCommandConfig
                0x00002700       0x84 ./drivers/fsl_lpadc.o
                0x00002700                LPADC_GetDefaultConvCommandConfig
 .text.LPADC_PrepareAutoCalibration
                0x00002784       0x44 ./drivers/fsl_lpadc.o
                0x00002784                LPADC_PrepareAutoCalibration
 .text.CLOCK_EnableClock
                0x000027c8       0xa0 ./drivers/fsl_lpflexcomm.o
 .text.LP_FLEXCOMM_GetInterruptStatus
                0x00002868       0x28 ./drivers/fsl_lpflexcomm.o
                0x00002868                LP_FLEXCOMM_GetInterruptStatus
 .text.LP_FLEXCOMM_SetPeriph
                0x00002890       0x94 ./drivers/fsl_lpflexcomm.o
 .text.LP_FLEXCOMM_Init
                0x00002924       0x58 ./drivers/fsl_lpflexcomm.o
                0x00002924                LP_FLEXCOMM_Init
 .text.LP_FLEXCOMM_CommonIRQHandler
                0x0000297c       0xb8 ./drivers/fsl_lpflexcomm.o
 .text.LPUART_GetInstance
                0x00002a34       0x4c ./drivers/fsl_lpuart.o
                0x00002a34                LPUART_GetInstance
 .text.LPUART_Init
                0x00002a80      0x448 ./drivers/fsl_lpuart.o
                0x00002a80                LPUART_Init
 .text.LPUART_GetDefaultConfig
                0x00002ec8       0x8c ./drivers/fsl_lpuart.o
                0x00002ec8                LPUART_GetDefaultConfig
 .text.LPUART_GetStatusFlags
                0x00002f54       0x60 ./drivers/fsl_lpuart.o
                0x00002f54                LPUART_GetStatusFlags
 .text.LPUART_ClearStatusFlags
                0x00002fb4       0x94 ./drivers/fsl_lpuart.o
                0x00002fb4                LPUART_ClearStatusFlags
 .text.LPUART_WriteBlocking
                0x00003048       0x68 ./drivers/fsl_lpuart.o
                0x00003048                LPUART_WriteBlocking
 .text.LPUART_ReadBlocking
                0x000030b0      0x164 ./drivers/fsl_lpuart.o
                0x000030b0                LPUART_ReadBlocking
 .text.RESET_ClearPeripheralReset
                0x00003214       0x7c ./drivers/fsl_reset.o
                0x00003214                RESET_ClearPeripheralReset
 .text.SPC_SetSRAMOperateVoltage
                0x00003290       0x58 ./drivers/fsl_spc.o
                0x00003290                SPC_SetSRAMOperateVoltage
 .text.SPC_SetActiveModeCoreLDORegulatorConfig
                0x000032e8       0x84 ./drivers/fsl_spc.o
                0x000032e8                SPC_SetActiveModeCoreLDORegulatorConfig
 .text.SPC_SetActiveModeDCDCRegulatorConfig
                0x0000336c       0x68 ./drivers/fsl_spc.o
                0x0000336c                SPC_SetActiveModeDCDCRegulatorConfig
 .text.CLOCK_EnableClock
                0x000033d4       0xa0 ./drivers/fsl_vref.o
 .text.VREF_GetInstance
                0x00003474       0x44 ./drivers/fsl_vref.o
 .text.VREF_Init
                0x000034b8       0xe4 ./drivers/fsl_vref.o
                0x000034b8                VREF_Init
 .text.VREF_GetDefaultConfig
                0x0000359c       0x50 ./drivers/fsl_vref.o
                0x0000359c                VREF_GetDefaultConfig
 .text.VREF_SetTrim21Val
                0x000035ec       0x60 ./drivers/fsl_vref.o
                0x000035ec                VREF_SetTrim21Val
 .text.SystemInit
                0x0000364c      0x124 ./device/system_MCXN947_cm33_core0.o
                0x0000364c                SystemInit
 .text.HAL_UartInitCommon
                0x00003770       0xe4 ./component/uart/fsl_adapter_lpuart.o
 .text.HAL_UartInit
                0x00003854       0x84 ./component/uart/fsl_adapter_lpuart.o
                0x00003854                HAL_UartInit
 .text.HAL_UartReceiveBlocking
                0x000038d8       0x6c ./component/uart/fsl_adapter_lpuart.o
                0x000038d8                HAL_UartReceiveBlocking
 .text.HAL_UartSendBlocking
                0x00003944       0x64 ./component/uart/fsl_adapter_lpuart.o
                0x00003944                HAL_UartSendBlocking
 .text.BOARD_InitDebugConsole
                0x000039a8       0x38 ./board/board.o
                0x000039a8                BOARD_InitDebugConsole
 .text.CLOCK_EnableClock
                0x000039e0       0xa0 ./board/clock_config.o
 .text.BOARD_BootClockPLL150M
                0x00003a80       0xd8 ./board/clock_config.o
                0x00003a80                BOARD_BootClockPLL150M
 .text.DEMO_MeasureTemperature
                0x00003b58       0xf4 ./board/hardware_init.o
                0x00003b58                DEMO_MeasureTemperature
 .text.BOARD_InitHardware
                0x00003c4c       0x68 ./board/hardware_init.o
                0x00003c4c                BOARD_InitHardware
 .text.CLOCK_EnableClock
                0x00003cb4       0xa0 ./board/pin_mux.o
 .text.PORT_SetPinConfig
                0x00003d54       0x38 ./board/pin_mux.o
 .text.BOARD_InitPins
                0x00003d8c       0x5c ./board/pin_mux.o
                0x00003d8c                BOARD_InitPins
 .text._initio  0x00003de8       0x78 C:/nxp/MCUXpressoIDE_25.6.136/ide/plugins/com.nxp.mcuxpresso.tools.win32_25.6.0.202501151204/tools/bin/../lib/gcc/arm-none-eabi/14.2.1/../../../../arm-none-eabi/lib/thumb/v8-m.main+fp/hard\libcr_c.a(initio.o)
                0x00003de8                _initio
 .text.modf     0x00003e60       0x94 C:/nxp/MCUXpressoIDE_25.6.136/ide/plugins/com.nxp.mcuxpresso.tools.win32_25.6.0.202501151204/tools/bin/../lib/gcc/arm-none-eabi/14.2.1/../../../../arm-none-eabi/lib/thumb/v8-m.main+fp/hard\libcr_c.a(modf.o)
                0x00003e60                modf
 .text._Cwritebuf
                0x00003ef4       0x70 C:/nxp/MCUXpressoIDE_25.6.136/ide/plugins/com.nxp.mcuxpresso.tools.win32_25.6.0.202501151204/tools/bin/../lib/gcc/arm-none-eabi/14.2.1/../../../../arm-none-eabi/lib/thumb/v8-m.main+fp/hard\libcr_c.a(_writebuf.o)
                0x00003ef4                _Cwritebuf
 .text.fflush   0x00003f64       0x3c C:/nxp/MCUXpressoIDE_25.6.136/ide/plugins/com.nxp.mcuxpresso.tools.win32_25.6.0.202501151204/tools/bin/../lib/gcc/arm-none-eabi/14.2.1/../../../../arm-none-eabi/lib/thumb/v8-m.main+fp/hard\libcr_c.a(fflush.o)
                0x00003f64                fflush
 .text.fseek    0x00003fa0       0xf8 C:/nxp/MCUXpressoIDE_25.6.136/ide/plugins/com.nxp.mcuxpresso.tools.win32_25.6.0.202501151204/tools/bin/../lib/gcc/arm-none-eabi/14.2.1/../../../../arm-none-eabi/lib/thumb/v8-m.main+fp/hard\libcr_c.a(fseek.o)
                0x00003fa0                fseek
 .text.ftell    0x00004098       0x44 C:/nxp/MCUXpressoIDE_25.6.136/ide/plugins/com.nxp.mcuxpresso.tools.win32_25.6.0.202501151204/tools/bin/../lib/gcc/arm-none-eabi/14.2.1/../../../../arm-none-eabi/lib/thumb/v8-m.main+fp/hard\libcr_c.a(ftell.o)
                0x00004098                ftell
 .text.__aeabi_dmul
                0x000040dc       0xfc C:/nxp/MCUXpressoIDE_25.6.136/ide/plugins/com.nxp.mcuxpresso.tools.win32_25.6.0.202501151204/tools/bin/../lib/gcc/arm-none-eabi/14.2.1/thumb/v8-m.main+fp/hard\libcr_eabihelpers.a(double.o)
                0x000040dc                __aeabi_dmul
 .text.__aeabi_ddiv
                0x000041d8      0x134 C:/nxp/MCUXpressoIDE_25.6.136/ide/plugins/com.nxp.mcuxpresso.tools.win32_25.6.0.202501151204/tools/bin/../lib/gcc/arm-none-eabi/14.2.1/thumb/v8-m.main+fp/hard\libcr_eabihelpers.a(double.o)
                0x000041d8                __aeabi_ddiv
 .text.__aeabi_dsub
                0x0000430c      0x1b4 C:/nxp/MCUXpressoIDE_25.6.136/ide/plugins/com.nxp.mcuxpresso.tools.win32_25.6.0.202501151204/tools/bin/../lib/gcc/arm-none-eabi/14.2.1/thumb/v8-m.main+fp/hard\libcr_eabihelpers.a(double.o)
                0x0000430c                __aeabi_dsub
 .text.__aeabi_dadd
                0x000044c0      0x128 C:/nxp/MCUXpressoIDE_25.6.136/ide/plugins/com.nxp.mcuxpresso.tools.win32_25.6.0.202501151204/tools/bin/../lib/gcc/arm-none-eabi/14.2.1/thumb/v8-m.main+fp/hard\libcr_eabihelpers.a(double.o)
                0x000044c0                __aeabi_dadd
 .text.__aeabi_d2f
                0x000045e8       0x58 C:/nxp/MCUXpressoIDE_25.6.136/ide/plugins/com.nxp.mcuxpresso.tools.win32_25.6.0.202501151204/tools/bin/../lib/gcc/arm-none-eabi/14.2.1/thumb/v8-m.main+fp/hard\libcr_eabihelpers.a(double.o)
                0x000045e8                __aeabi_d2f
 .text.__aeabi_f2d
                0x00004640       0x38 C:/nxp/MCUXpressoIDE_25.6.136/ide/plugins/com.nxp.mcuxpresso.tools.win32_25.6.0.202501151204/tools/bin/../lib/gcc/arm-none-eabi/14.2.1/thumb/v8-m.main+fp/hard\libcr_eabihelpers.a(float.o)
                0x00004640                __aeabi_f2d
 .text.DbgConsole_Printf
                0x00004678       0x2c ./utilities/debug_console_lite/fsl_debug_console.o
                0x00004678                DbgConsole_Printf
 .text.DbgConsole_PrintfPaddingCharacter
                0x000046a4       0x40 ./utilities/debug_console_lite/fsl_debug_console.o
 .text.DbgConsole_ConvertRadixNumToString
                0x000046e4      0x2b0 ./utilities/debug_console_lite/fsl_debug_console.o
 .text.fsl_assert_hook
                0x00004994       0x1a ./utilities/fsl_assert.o
                0x00004994                fsl_assert_hook
 .text.OR_IRQHandler
                0x000049ae        0x8 ./startup/startup_mcxn947_cm33_core0.o
                0x000049ae                OR_IRQHandler
 .text.EDMA_0_CH0_IRQHandler
                0x000049b6        0x8 ./startup/startup_mcxn947_cm33_core0.o
                0x000049b6                EDMA_0_CH0_IRQHandler
 .text.EDMA_0_CH1_IRQHandler
                0x000049be        0x8 ./startup/startup_mcxn947_cm33_core0.o
                0x000049be                EDMA_0_CH1_IRQHandler
 .text.EDMA_0_CH2_IRQHandler
                0x000049c6        0x8 ./startup/startup_mcxn947_cm33_core0.o
                0x000049c6                EDMA_0_CH2_IRQHandler
 .text.EDMA_0_CH3_IRQHandler
                0x000049ce        0x8 ./startup/startup_mcxn947_cm33_core0.o
                0x000049ce                EDMA_0_CH3_IRQHandler
 .text.EDMA_0_CH4_IRQHandler
                0x000049d6        0x8 ./startup/startup_mcxn947_cm33_core0.o
                0x000049d6                EDMA_0_CH4_IRQHandler
 .text.EDMA_0_CH5_IRQHandler
                0x000049de        0x8 ./startup/startup_mcxn947_cm33_core0.o
                0x000049de                EDMA_0_CH5_IRQHandler
 .text.EDMA_0_CH6_IRQHandler
                0x000049e6        0x8 ./startup/startup_mcxn947_cm33_core0.o
                0x000049e6                EDMA_0_CH6_IRQHandler
 .text.EDMA_0_CH7_IRQHandler
                0x000049ee        0x8 ./startup/startup_mcxn947_cm33_core0.o
                0x000049ee                EDMA_0_CH7_IRQHandler
 .text.EDMA_0_CH8_IRQHandler
                0x000049f6        0x8 ./startup/startup_mcxn947_cm33_core0.o
                0x000049f6                EDMA_0_CH8_IRQHandler
 .text.EDMA_0_CH9_IRQHandler
                0x000049fe        0x8 ./startup/startup_mcxn947_cm33_core0.o
                0x000049fe                EDMA_0_CH9_IRQHandler
 .text.EDMA_0_CH10_IRQHandler
                0x00004a06        0x8 ./startup/startup_mcxn947_cm33_core0.o
                0x00004a06                EDMA_0_CH10_IRQHandler
 .text.EDMA_0_CH11_IRQHandler
                0x00004a0e        0x8 ./startup/startup_mcxn947_cm33_core0.o
                0x00004a0e                EDMA_0_CH11_IRQHandler
 .text.EDMA_0_CH12_IRQHandler
                0x00004a16        0x8 ./startup/startup_mcxn947_cm33_core0.o
                0x00004a16                EDMA_0_CH12_IRQHandler
 .text.EDMA_0_CH13_IRQHandler
                0x00004a1e        0x8 ./startup/startup_mcxn947_cm33_core0.o
                0x00004a1e                EDMA_0_CH13_IRQHandler
 .text.EDMA_0_CH14_IRQHandler
                0x00004a26        0x8 ./startup/startup_mcxn947_cm33_core0.o
                0x00004a26                EDMA_0_CH14_IRQHandler
 .text.EDMA_0_CH15_IRQHandler
                0x00004a2e        0x8 ./startup/startup_mcxn947_cm33_core0.o
                0x00004a2e                EDMA_0_CH15_IRQHandler
 .text.GPIO00_IRQHandler
                0x00004a36        0x8 ./startup/startup_mcxn947_cm33_core0.o
                0x00004a36                GPIO00_IRQHandler
 .text.GPIO01_IRQHandler
                0x00004a3e        0x8 ./startup/startup_mcxn947_cm33_core0.o
                0x00004a3e                GPIO01_IRQHandler
 .text.GPIO10_IRQHandler
                0x00004a46        0x8 ./startup/startup_mcxn947_cm33_core0.o
                0x00004a46                GPIO10_IRQHandler
 .text.GPIO11_IRQHandler
                0x00004a4e        0x8 ./startup/startup_mcxn947_cm33_core0.o
                0x00004a4e                GPIO11_IRQHandler
 .text.GPIO20_IRQHandler
                0x00004a56        0x8 ./startup/startup_mcxn947_cm33_core0.o
                0x00004a56                GPIO20_IRQHandler
 .text.GPIO21_IRQHandler
                0x00004a5e        0x8 ./startup/startup_mcxn947_cm33_core0.o
                0x00004a5e                GPIO21_IRQHandler
 .text.GPIO30_IRQHandler
                0x00004a66        0x8 ./startup/startup_mcxn947_cm33_core0.o
                0x00004a66                GPIO30_IRQHandler
 .text.GPIO31_IRQHandler
                0x00004a6e        0x8 ./startup/startup_mcxn947_cm33_core0.o
                0x00004a6e                GPIO31_IRQHandler
 .text.GPIO40_IRQHandler
                0x00004a76        0x8 ./startup/startup_mcxn947_cm33_core0.o
                0x00004a76                GPIO40_IRQHandler
 .text.GPIO41_IRQHandler
                0x00004a7e        0x8 ./startup/startup_mcxn947_cm33_core0.o
                0x00004a7e                GPIO41_IRQHandler
 .text.GPIO50_IRQHandler
                0x00004a86        0x8 ./startup/startup_mcxn947_cm33_core0.o
                0x00004a86                GPIO50_IRQHandler
 .text.GPIO51_IRQHandler
                0x00004a8e        0x8 ./startup/startup_mcxn947_cm33_core0.o
                0x00004a8e                GPIO51_IRQHandler
 .text.UTICK0_IRQHandler
                0x00004a96        0x8 ./startup/startup_mcxn947_cm33_core0.o
                0x00004a96                UTICK0_IRQHandler
 .text.MRT0_IRQHandler
                0x00004a9e        0x8 ./startup/startup_mcxn947_cm33_core0.o
                0x00004a9e                MRT0_IRQHandler
 .text.CTIMER0_IRQHandler
                0x00004aa6        0x8 ./startup/startup_mcxn947_cm33_core0.o
                0x00004aa6                CTIMER0_IRQHandler
 .text.CTIMER1_IRQHandler
                0x00004aae        0x8 ./startup/startup_mcxn947_cm33_core0.o
                0x00004aae                CTIMER1_IRQHandler
 .text.SCT0_IRQHandler
                0x00004ab6        0x8 ./startup/startup_mcxn947_cm33_core0.o
                0x00004ab6                SCT0_IRQHandler
 .text.CTIMER2_IRQHandler
                0x00004abe        0x8 ./startup/startup_mcxn947_cm33_core0.o
                0x00004abe                CTIMER2_IRQHandler
 .text.LP_FLEXCOMM0_IRQHandler
                0x00004ac6        0x8 ./startup/startup_mcxn947_cm33_core0.o
                0x00004ac6                LP_FLEXCOMM0_IRQHandler
 .text.LP_FLEXCOMM1_IRQHandler
                0x00004ace        0x8 ./startup/startup_mcxn947_cm33_core0.o
                0x00004ace                LP_FLEXCOMM1_IRQHandler
 .text.LP_FLEXCOMM2_IRQHandler
                0x00004ad6        0x8 ./startup/startup_mcxn947_cm33_core0.o
                0x00004ad6                LP_FLEXCOMM2_IRQHandler
 .text.LP_FLEXCOMM3_IRQHandler
                0x00004ade        0x8 ./startup/startup_mcxn947_cm33_core0.o
                0x00004ade                LP_FLEXCOMM3_IRQHandler
 .text.LP_FLEXCOMM4_IRQHandler
                0x00004ae6        0x8 ./startup/startup_mcxn947_cm33_core0.o
                0x00004ae6                LP_FLEXCOMM4_IRQHandler
 .text.LP_FLEXCOMM5_IRQHandler
                0x00004aee        0x8 ./startup/startup_mcxn947_cm33_core0.o
                0x00004aee                LP_FLEXCOMM5_IRQHandler
 .text.LP_FLEXCOMM6_IRQHandler
                0x00004af6        0x8 ./startup/startup_mcxn947_cm33_core0.o
                0x00004af6                LP_FLEXCOMM6_IRQHandler
 .text.LP_FLEXCOMM7_IRQHandler
                0x00004afe        0x8 ./startup/startup_mcxn947_cm33_core0.o
                0x00004afe                LP_FLEXCOMM7_IRQHandler
 .text.LP_FLEXCOMM8_IRQHandler
                0x00004b06        0x8 ./startup/startup_mcxn947_cm33_core0.o
                0x00004b06                LP_FLEXCOMM8_IRQHandler
 .text.LP_FLEXCOMM9_IRQHandler
                0x00004b0e        0x8 ./startup/startup_mcxn947_cm33_core0.o
                0x00004b0e                LP_FLEXCOMM9_IRQHandler
 .text.ADC1_IRQHandler
                0x00004b16        0x8 ./startup/startup_mcxn947_cm33_core0.o
                0x00004b16                ADC1_IRQHandler
 .text.PINT0_IRQHandler
                0x00004b1e        0x8 ./startup/startup_mcxn947_cm33_core0.o
                0x00004b1e                PINT0_IRQHandler
 .text.PDM_EVENT_IRQHandler
                0x00004b26        0x8 ./startup/startup_mcxn947_cm33_core0.o
                0x00004b26                PDM_EVENT_IRQHandler
 .text.Reserved65_IRQHandler
                0x00004b2e        0x8 ./startup/startup_mcxn947_cm33_core0.o
                0x00004b2e                Reserved65_IRQHandler
 .text.USB0_FS_IRQHandler
                0x00004b36        0x8 ./startup/startup_mcxn947_cm33_core0.o
                0x00004b36                USB0_FS_IRQHandler
 .text.USB0_DCD_IRQHandler
                0x00004b3e        0x8 ./startup/startup_mcxn947_cm33_core0.o
                0x00004b3e                USB0_DCD_IRQHandler
 .text.RTC_IRQHandler
                0x00004b46        0x8 ./startup/startup_mcxn947_cm33_core0.o
                0x00004b46                RTC_IRQHandler
 .text.SMARTDMA_IRQHandler
                0x00004b4e        0x8 ./startup/startup_mcxn947_cm33_core0.o
                0x00004b4e                SMARTDMA_IRQHandler
 .text.MAILBOX_IRQHandler
                0x00004b56        0x8 ./startup/startup_mcxn947_cm33_core0.o
                0x00004b56                MAILBOX_IRQHandler
 .text.CTIMER3_IRQHandler
                0x00004b5e        0x8 ./startup/startup_mcxn947_cm33_core0.o
                0x00004b5e                CTIMER3_IRQHandler
 .text.CTIMER4_IRQHandler
                0x00004b66        0x8 ./startup/startup_mcxn947_cm33_core0.o
                0x00004b66                CTIMER4_IRQHandler
 .text.OS_EVENT_IRQHandler
                0x00004b6e        0x8 ./startup/startup_mcxn947_cm33_core0.o
                0x00004b6e                OS_EVENT_IRQHandler
 .text.FLEXSPI0_IRQHandler
                0x00004b76        0x8 ./startup/startup_mcxn947_cm33_core0.o
                0x00004b76                FLEXSPI0_IRQHandler
 .text.SAI0_IRQHandler
                0x00004b7e        0x8 ./startup/startup_mcxn947_cm33_core0.o
                0x00004b7e                SAI0_IRQHandler
 .text.SAI1_IRQHandler
                0x00004b86        0x8 ./startup/startup_mcxn947_cm33_core0.o
                0x00004b86                SAI1_IRQHandler
 .text.USDHC0_IRQHandler
                0x00004b8e        0x8 ./startup/startup_mcxn947_cm33_core0.o
                0x00004b8e                USDHC0_IRQHandler
 .text.CAN0_IRQHandler
                0x00004b96        0x8 ./startup/startup_mcxn947_cm33_core0.o
                0x00004b96                CAN0_IRQHandler
 .text.CAN1_IRQHandler
                0x00004b9e        0x8 ./startup/startup_mcxn947_cm33_core0.o
                0x00004b9e                CAN1_IRQHandler
 .text.Reserved80_IRQHandler
                0x00004ba6        0x8 ./startup/startup_mcxn947_cm33_core0.o
                0x00004ba6                Reserved80_IRQHandler
 .text.Reserved81_IRQHandler
                0x00004bae        0x8 ./startup/startup_mcxn947_cm33_core0.o
                0x00004bae                Reserved81_IRQHandler
 .text.USB1_HS_PHY_IRQHandler
                0x00004bb6        0x8 ./startup/startup_mcxn947_cm33_core0.o
                0x00004bb6                USB1_HS_PHY_IRQHandler
 .text.USB1_HS_IRQHandler
                0x00004bbe        0x8 ./startup/startup_mcxn947_cm33_core0.o
                0x00004bbe                USB1_HS_IRQHandler
 .text.SEC_HYPERVISOR_CALL_IRQHandler
                0x00004bc6        0x8 ./startup/startup_mcxn947_cm33_core0.o
                0x00004bc6                SEC_HYPERVISOR_CALL_IRQHandler
 .text.Reserved85_IRQHandler
                0x00004bce        0x8 ./startup/startup_mcxn947_cm33_core0.o
                0x00004bce                Reserved85_IRQHandler
 .text.PLU_IRQHandler
                0x00004bd6        0x8 ./startup/startup_mcxn947_cm33_core0.o
                0x00004bd6                PLU_IRQHandler
 .text.Freqme_IRQHandler
                0x00004bde        0x8 ./startup/startup_mcxn947_cm33_core0.o
                0x00004bde                Freqme_IRQHandler
 .text.SEC_VIO_IRQHandler
                0x00004be6        0x8 ./startup/startup_mcxn947_cm33_core0.o
                0x00004be6                SEC_VIO_IRQHandler
 .text.ELS_IRQHandler
                0x00004bee        0x8 ./startup/startup_mcxn947_cm33_core0.o
                0x00004bee                ELS_IRQHandler
 .text.PKC_IRQHandler
                0x00004bf6        0x8 ./startup/startup_mcxn947_cm33_core0.o
                0x00004bf6                PKC_IRQHandler
 .text.PUF_IRQHandler
                0x00004bfe        0x8 ./startup/startup_mcxn947_cm33_core0.o
                0x00004bfe                PUF_IRQHandler
 .text.PQ_IRQHandler
                0x00004c06        0x8 ./startup/startup_mcxn947_cm33_core0.o
                0x00004c06                PQ_IRQHandler
 .text.EDMA_1_CH0_IRQHandler
                0x00004c0e        0x8 ./startup/startup_mcxn947_cm33_core0.o
                0x00004c0e                EDMA_1_CH0_IRQHandler
 .text.EDMA_1_CH1_IRQHandler
                0x00004c16        0x8 ./startup/startup_mcxn947_cm33_core0.o
                0x00004c16                EDMA_1_CH1_IRQHandler
 .text.EDMA_1_CH2_IRQHandler
                0x00004c1e        0x8 ./startup/startup_mcxn947_cm33_core0.o
                0x00004c1e                EDMA_1_CH2_IRQHandler
 .text.EDMA_1_CH3_IRQHandler
                0x00004c26        0x8 ./startup/startup_mcxn947_cm33_core0.o
                0x00004c26                EDMA_1_CH3_IRQHandler
 .text.EDMA_1_CH4_IRQHandler
                0x00004c2e        0x8 ./startup/startup_mcxn947_cm33_core0.o
                0x00004c2e                EDMA_1_CH4_IRQHandler
 .text.EDMA_1_CH5_IRQHandler
                0x00004c36        0x8 ./startup/startup_mcxn947_cm33_core0.o
                0x00004c36                EDMA_1_CH5_IRQHandler
 .text.EDMA_1_CH6_IRQHandler
                0x00004c3e        0x8 ./startup/startup_mcxn947_cm33_core0.o
                0x00004c3e                EDMA_1_CH6_IRQHandler
 .text.EDMA_1_CH7_IRQHandler
                0x00004c46        0x8 ./startup/startup_mcxn947_cm33_core0.o
                0x00004c46                EDMA_1_CH7_IRQHandler
 .text.EDMA_1_CH8_IRQHandler
                0x00004c4e        0x8 ./startup/startup_mcxn947_cm33_core0.o
                0x00004c4e                EDMA_1_CH8_IRQHandler
 .text.EDMA_1_CH9_IRQHandler
                0x00004c56        0x8 ./startup/startup_mcxn947_cm33_core0.o
                0x00004c56                EDMA_1_CH9_IRQHandler
 .text.EDMA_1_CH10_IRQHandler
                0x00004c5e        0x8 ./startup/startup_mcxn947_cm33_core0.o
                0x00004c5e                EDMA_1_CH10_IRQHandler
 .text.EDMA_1_CH11_IRQHandler
                0x00004c66        0x8 ./startup/startup_mcxn947_cm33_core0.o
                0x00004c66                EDMA_1_CH11_IRQHandler
 .text.EDMA_1_CH12_IRQHandler
                0x00004c6e        0x8 ./startup/startup_mcxn947_cm33_core0.o
                0x00004c6e                EDMA_1_CH12_IRQHandler
 .text.EDMA_1_CH13_IRQHandler
                0x00004c76        0x8 ./startup/startup_mcxn947_cm33_core0.o
                0x00004c76                EDMA_1_CH13_IRQHandler
 .text.EDMA_1_CH14_IRQHandler
                0x00004c7e        0x8 ./startup/startup_mcxn947_cm33_core0.o
                0x00004c7e                EDMA_1_CH14_IRQHandler
 .text.EDMA_1_CH15_IRQHandler
                0x00004c86        0x8 ./startup/startup_mcxn947_cm33_core0.o
                0x00004c86                EDMA_1_CH15_IRQHandler
 .text.CDOG0_IRQHandler
                0x00004c8e        0x8 ./startup/startup_mcxn947_cm33_core0.o
                0x00004c8e                CDOG0_IRQHandler
 .text.CDOG1_IRQHandler
                0x00004c96        0x8 ./startup/startup_mcxn947_cm33_core0.o
                0x00004c96                CDOG1_IRQHandler
 .text.I3C0_IRQHandler
                0x00004c9e        0x8 ./startup/startup_mcxn947_cm33_core0.o
                0x00004c9e                I3C0_IRQHandler
 .text.I3C1_IRQHandler
                0x00004ca6        0x8 ./startup/startup_mcxn947_cm33_core0.o
                0x00004ca6                I3C1_IRQHandler
 .text.NPU_IRQHandler
                0x00004cae        0x8 ./startup/startup_mcxn947_cm33_core0.o
                0x00004cae                NPU_IRQHandler
 .text.GDET_IRQHandler
                0x00004cb6        0x8 ./startup/startup_mcxn947_cm33_core0.o
                0x00004cb6                GDET_IRQHandler
 .text.VBAT0_IRQHandler
                0x00004cbe        0x8 ./startup/startup_mcxn947_cm33_core0.o
                0x00004cbe                VBAT0_IRQHandler
 .text.EWM0_IRQHandler
                0x00004cc6        0x8 ./startup/startup_mcxn947_cm33_core0.o
                0x00004cc6                EWM0_IRQHandler
 .text.TSI_END_OF_SCAN_IRQHandler
                0x00004cce        0x8 ./startup/startup_mcxn947_cm33_core0.o
                0x00004cce                TSI_END_OF_SCAN_IRQHandler
 .text.TSI_OUT_OF_SCAN_IRQHandler
                0x00004cd6        0x8 ./startup/startup_mcxn947_cm33_core0.o
                0x00004cd6                TSI_OUT_OF_SCAN_IRQHandler
 .text.EMVSIM0_IRQHandler
                0x00004cde        0x8 ./startup/startup_mcxn947_cm33_core0.o
                0x00004cde                EMVSIM0_IRQHandler
 .text.EMVSIM1_IRQHandler
                0x00004ce6        0x8 ./startup/startup_mcxn947_cm33_core0.o
                0x00004ce6                EMVSIM1_IRQHandler
 .text.FLEXIO_IRQHandler
                0x00004cee        0x8 ./startup/startup_mcxn947_cm33_core0.o
                0x00004cee                FLEXIO_IRQHandler
 .text.DAC0_IRQHandler
                0x00004cf6        0x8 ./startup/startup_mcxn947_cm33_core0.o
                0x00004cf6                DAC0_IRQHandler
 .text.DAC1_IRQHandler
                0x00004cfe        0x8 ./startup/startup_mcxn947_cm33_core0.o
                0x00004cfe                DAC1_IRQHandler
 .text.DAC2_IRQHandler
                0x00004d06        0x8 ./startup/startup_mcxn947_cm33_core0.o
                0x00004d06                DAC2_IRQHandler
 .text.HSCMP0_IRQHandler
                0x00004d0e        0x8 ./startup/startup_mcxn947_cm33_core0.o
                0x00004d0e                HSCMP0_IRQHandler
 .text.HSCMP1_IRQHandler
                0x00004d16        0x8 ./startup/startup_mcxn947_cm33_core0.o
                0x00004d16                HSCMP1_IRQHandler
 .text.HSCMP2_IRQHandler
                0x00004d1e        0x8 ./startup/startup_mcxn947_cm33_core0.o
                0x00004d1e                HSCMP2_IRQHandler
 .text.FLEXPWM0_RELOAD_ERROR_IRQHandler
                0x00004d26        0x8 ./startup/startup_mcxn947_cm33_core0.o
                0x00004d26                FLEXPWM0_RELOAD_ERROR_IRQHandler
 .text.FLEXPWM0_FAULT_IRQHandler
                0x00004d2e        0x8 ./startup/startup_mcxn947_cm33_core0.o
                0x00004d2e                FLEXPWM0_FAULT_IRQHandler
 .text.FLEXPWM0_SUBMODULE0_IRQHandler
                0x00004d36        0x8 ./startup/startup_mcxn947_cm33_core0.o
                0x00004d36                FLEXPWM0_SUBMODULE0_IRQHandler
 .text.FLEXPWM0_SUBMODULE1_IRQHandler
                0x00004d3e        0x8 ./startup/startup_mcxn947_cm33_core0.o
                0x00004d3e                FLEXPWM0_SUBMODULE1_IRQHandler
 .text.FLEXPWM0_SUBMODULE2_IRQHandler
                0x00004d46        0x8 ./startup/startup_mcxn947_cm33_core0.o
                0x00004d46                FLEXPWM0_SUBMODULE2_IRQHandler
 .text.FLEXPWM0_SUBMODULE3_IRQHandler
                0x00004d4e        0x8 ./startup/startup_mcxn947_cm33_core0.o
                0x00004d4e                FLEXPWM0_SUBMODULE3_IRQHandler
 .text.FLEXPWM1_RELOAD_ERROR_IRQHandler
                0x00004d56        0x8 ./startup/startup_mcxn947_cm33_core0.o
                0x00004d56                FLEXPWM1_RELOAD_ERROR_IRQHandler
 .text.FLEXPWM1_FAULT_IRQHandler
                0x00004d5e        0x8 ./startup/startup_mcxn947_cm33_core0.o
                0x00004d5e                FLEXPWM1_FAULT_IRQHandler
 .text.FLEXPWM1_SUBMODULE0_IRQHandler
                0x00004d66        0x8 ./startup/startup_mcxn947_cm33_core0.o
                0x00004d66                FLEXPWM1_SUBMODULE0_IRQHandler
 .text.FLEXPWM1_SUBMODULE1_IRQHandler
                0x00004d6e        0x8 ./startup/startup_mcxn947_cm33_core0.o
                0x00004d6e                FLEXPWM1_SUBMODULE1_IRQHandler
 .text.FLEXPWM1_SUBMODULE2_IRQHandler
                0x00004d76        0x8 ./startup/startup_mcxn947_cm33_core0.o
                0x00004d76                FLEXPWM1_SUBMODULE2_IRQHandler
 .text.FLEXPWM1_SUBMODULE3_IRQHandler
                0x00004d7e        0x8 ./startup/startup_mcxn947_cm33_core0.o
                0x00004d7e                FLEXPWM1_SUBMODULE3_IRQHandler
 .text.QDC0_COMPARE_IRQHandler
                0x00004d86        0x8 ./startup/startup_mcxn947_cm33_core0.o
                0x00004d86                QDC0_COMPARE_IRQHandler
 .text.QDC0_HOME_IRQHandler
                0x00004d8e        0x8 ./startup/startup_mcxn947_cm33_core0.o
                0x00004d8e                QDC0_HOME_IRQHandler
 .text.QDC0_WDG_SAB_IRQHandler
                0x00004d96        0x8 ./startup/startup_mcxn947_cm33_core0.o
                0x00004d96                QDC0_WDG_SAB_IRQHandler
 .text.QDC0_IDX_IRQHandler
                0x00004d9e        0x8 ./startup/startup_mcxn947_cm33_core0.o
                0x00004d9e                QDC0_IDX_IRQHandler
 .text.QDC1_COMPARE_IRQHandler
                0x00004da6        0x8 ./startup/startup_mcxn947_cm33_core0.o
                0x00004da6                QDC1_COMPARE_IRQHandler
 .text.QDC1_HOME_IRQHandler
                0x00004dae        0x8 ./startup/startup_mcxn947_cm33_core0.o
                0x00004dae                QDC1_HOME_IRQHandler
 .text.QDC1_WDG_SAB_IRQHandler
                0x00004db6        0x8 ./startup/startup_mcxn947_cm33_core0.o
                0x00004db6                QDC1_WDG_SAB_IRQHandler
 .text.QDC1_IDX_IRQHandler
                0x00004dbe        0x8 ./startup/startup_mcxn947_cm33_core0.o
                0x00004dbe                QDC1_IDX_IRQHandler
 .text.ITRC0_IRQHandler
                0x00004dc6        0x8 ./startup/startup_mcxn947_cm33_core0.o
                0x00004dc6                ITRC0_IRQHandler
 .text.BSP32_IRQHandler
                0x00004dce        0x8 ./startup/startup_mcxn947_cm33_core0.o
                0x00004dce                BSP32_IRQHandler
 .text.ELS_ERR_IRQHandler
                0x00004dd6        0x8 ./startup/startup_mcxn947_cm33_core0.o
                0x00004dd6                ELS_ERR_IRQHandler
 .text.PKC_ERR_IRQHandler
                0x00004dde        0x8 ./startup/startup_mcxn947_cm33_core0.o
                0x00004dde                PKC_ERR_IRQHandler
 .text.ERM_SINGLE_BIT_ERROR_IRQHandler
                0x00004de6        0x8 ./startup/startup_mcxn947_cm33_core0.o
                0x00004de6                ERM_SINGLE_BIT_ERROR_IRQHandler
 .text.ERM_MULTI_BIT_ERROR_IRQHandler
                0x00004dee        0x8 ./startup/startup_mcxn947_cm33_core0.o
                0x00004dee                ERM_MULTI_BIT_ERROR_IRQHandler
 .text.FMU0_IRQHandler
                0x00004df6        0x8 ./startup/startup_mcxn947_cm33_core0.o
                0x00004df6                FMU0_IRQHandler
 .text.ETHERNET_IRQHandler
                0x00004dfe        0x8 ./startup/startup_mcxn947_cm33_core0.o
                0x00004dfe                ETHERNET_IRQHandler
 .text.ETHERNET_PMT_IRQHandler
                0x00004e06        0x8 ./startup/startup_mcxn947_cm33_core0.o
                0x00004e06                ETHERNET_PMT_IRQHandler
 .text.ETHERNET_MACLP_IRQHandler
                0x00004e0e        0x8 ./startup/startup_mcxn947_cm33_core0.o
                0x00004e0e                ETHERNET_MACLP_IRQHandler
 .text.SINC_FILTER_IRQHandler
                0x00004e16        0x8 ./startup/startup_mcxn947_cm33_core0.o
                0x00004e16                SINC_FILTER_IRQHandler
 .text.LPTMR0_IRQHandler
                0x00004e1e        0x8 ./startup/startup_mcxn947_cm33_core0.o
                0x00004e1e                LPTMR0_IRQHandler
 .text.LPTMR1_IRQHandler
                0x00004e26        0x8 ./startup/startup_mcxn947_cm33_core0.o
                0x00004e26                LPTMR1_IRQHandler
 .text.SCG_IRQHandler
                0x00004e2e        0x8 ./startup/startup_mcxn947_cm33_core0.o
                0x00004e2e                SCG_IRQHandler
 .text.SPC_IRQHandler
                0x00004e36        0x8 ./startup/startup_mcxn947_cm33_core0.o
                0x00004e36                SPC_IRQHandler
 .text.WUU_IRQHandler
                0x00004e3e        0x8 ./startup/startup_mcxn947_cm33_core0.o
                0x00004e3e                WUU_IRQHandler
 .text.PORT_EFT_IRQHandler
                0x00004e46        0x8 ./startup/startup_mcxn947_cm33_core0.o
                0x00004e46                PORT_EFT_IRQHandler
 .text.ETB0_IRQHandler
                0x00004e4e        0x8 ./startup/startup_mcxn947_cm33_core0.o
                0x00004e4e                ETB0_IRQHandler
 .text.Reserved166_IRQHandler
                0x00004e56        0x8 ./startup/startup_mcxn947_cm33_core0.o
                0x00004e56                Reserved166_IRQHandler
 .text.Reserved167_IRQHandler
                0x00004e5e        0x8 ./startup/startup_mcxn947_cm33_core0.o
                0x00004e5e                Reserved167_IRQHandler
 .text.WWDT0_IRQHandler
                0x00004e66        0x8 ./startup/startup_mcxn947_cm33_core0.o
                0x00004e66                WWDT0_IRQHandler
 .text.WWDT1_IRQHandler
                0x00004e6e        0x8 ./startup/startup_mcxn947_cm33_core0.o
                0x00004e6e                WWDT1_IRQHandler
 .text.CMC0_IRQHandler
                0x00004e76        0x8 ./startup/startup_mcxn947_cm33_core0.o
                0x00004e76                CMC0_IRQHandler
 .text.CTI0_IRQHandler
                0x00004e7e        0x8 ./startup/startup_mcxn947_cm33_core0.o
                0x00004e7e                CTI0_IRQHandler
 .text.EnableIRQ
                0x00004e86       0x32 ./source/lpadc_temperature_measurement.o
 .text.LPADC_DoResetFIFO0
                0x00004eb8       0x20 ./source/lpadc_temperature_measurement.o
 .text.LPADC_DoSoftwareTrigger
                0x00004ed8       0x1c ./source/lpadc_temperature_measurement.o
 .text.LPADC_SetOffsetValue
                0x00004ef4       0x2c ./source/lpadc_temperature_measurement.o
 .text.HardFault_Handler
                0x00004f20       0x36 ./source/semihost_hardfault.o
                0x00004f20                HardFault_Handler
 .text.CLOCK_GetPll0OutFreq
                0x00004f56       0x88 ./drivers/fsl_clock.o
                0x00004f56                CLOCK_GetPll0OutFreq
 .text.DelayLoop
                0x00004fde       0x20 ./drivers/fsl_common_arm.o
 .text.RESET_ReleasePeripheralReset
                0x00004ffe       0x16 ./drivers/fsl_lpadc.o
 .text.LPADC_Enable
                0x00005014       0x38 ./drivers/fsl_lpadc.o
 .text.LPADC_DoResetFIFO0
                0x0000504c       0x20 ./drivers/fsl_lpadc.o
 .text.LPADC_DoResetFIFO1
                0x0000506c       0x20 ./drivers/fsl_lpadc.o
 .text.LPADC_DoResetConfig
                0x0000508c       0x2c ./drivers/fsl_lpadc.o
 .text.LPADC_GetConvResultCount
                0x000050b8       0x26 ./drivers/fsl_lpadc.o
 .text.LPADC_GetGainConvResult
                0x000050de      0x104 ./drivers/fsl_lpadc.o
 .text.LPADC_GetDefaultConfig
                0x000051e2       0x62 ./drivers/fsl_lpadc.o
                0x000051e2                LPADC_GetDefaultConfig
 .text.LPADC_DoAutoCalibration
                0x00005244       0x1c ./drivers/fsl_lpadc.o
                0x00005244                LPADC_DoAutoCalibration
 .text.LPADC_FinishAutoCalibration
                0x00005260      0x104 ./drivers/fsl_lpadc.o
                0x00005260                LPADC_FinishAutoCalibration
 .text.LP_FLEXCOMM_PeripheralIsPresent
                0x00005364       0x52 ./drivers/fsl_lpflexcomm.o
 .text.LP_FLEXCOMM0_DriverIRQHandler
                0x000053b6        0xe ./drivers/fsl_lpflexcomm.o
                0x000053b6                LP_FLEXCOMM0_DriverIRQHandler
 .text.LP_FLEXCOMM1_DriverIRQHandler
                0x000053c4        0xe ./drivers/fsl_lpflexcomm.o
                0x000053c4                LP_FLEXCOMM1_DriverIRQHandler
 .text.LP_FLEXCOMM2_DriverIRQHandler
                0x000053d2        0xe ./drivers/fsl_lpflexcomm.o
                0x000053d2                LP_FLEXCOMM2_DriverIRQHandler
 .text.LP_FLEXCOMM3_DriverIRQHandler
                0x000053e0        0xe ./drivers/fsl_lpflexcomm.o
                0x000053e0                LP_FLEXCOMM3_DriverIRQHandler
 .text.LP_FLEXCOMM4_DriverIRQHandler
                0x000053ee        0xe ./drivers/fsl_lpflexcomm.o
                0x000053ee                LP_FLEXCOMM4_DriverIRQHandler
 .text.LP_FLEXCOMM5_DriverIRQHandler
                0x000053fc        0xe ./drivers/fsl_lpflexcomm.o
                0x000053fc                LP_FLEXCOMM5_DriverIRQHandler
 .text.LP_FLEXCOMM6_DriverIRQHandler
                0x0000540a        0xe ./drivers/fsl_lpflexcomm.o
                0x0000540a                LP_FLEXCOMM6_DriverIRQHandler
 .text.LP_FLEXCOMM7_DriverIRQHandler
                0x00005418        0xe ./drivers/fsl_lpflexcomm.o
                0x00005418                LP_FLEXCOMM7_DriverIRQHandler
 .text.LP_FLEXCOMM8_DriverIRQHandler
                0x00005426        0xe ./drivers/fsl_lpflexcomm.o
                0x00005426                LP_FLEXCOMM8_DriverIRQHandler
 .text.LP_FLEXCOMM9_DriverIRQHandler
                0x00005434        0xe ./drivers/fsl_lpflexcomm.o
                0x00005434                LP_FLEXCOMM9_DriverIRQHandler
 .text.LPUART_SoftwareReset
                0x00005442       0x2c ./drivers/fsl_lpuart.o
 .text.SPC_GetActiveModeBandgapMode
                0x0000546e       0x22 ./drivers/fsl_spc.o
 .text.SPC_GetActiveModeVoltageDetectStatus
                0x00005490       0x22 ./drivers/fsl_spc.o
 .text.SPC_GetActiveModeCoreLDOVDDVoltageLevel
                0x000054b2       0x22 ./drivers/fsl_spc.o
 .text.SPC_GetActiveModeCoreLDODriveStrength
                0x000054d4       0x22 ./drivers/fsl_spc.o
 .text.SPC_SetActiveModeDCDCRegulatorVoltageLevel
                0x000054f6       0x32 ./drivers/fsl_spc.o
 .text.SPC_SetActiveModeCoreLDORegulatorVoltageLevel
                0x00005528       0x60 ./drivers/fsl_spc.o
                0x00005528                SPC_SetActiveModeCoreLDORegulatorVoltageLevel
 .text.SPC_SetActiveModeCoreLDORegulatorDriveStrength
                0x00005588       0x5e ./drivers/fsl_spc.o
                0x00005588                SPC_SetActiveModeCoreLDORegulatorDriveStrength
 .text.SPC_SetActiveModeDCDCRegulatorDriveStrength
                0x000055e6       0x48 ./drivers/fsl_spc.o
                0x000055e6                SPC_SetActiveModeDCDCRegulatorDriveStrength
 .text.SystemInitHook
                0x0000562e        0xe ./device/system_MCXN947_cm33_core0.o
                0x0000562e                SystemInitHook
 .text.HAL_UartGetStatus
                0x0000563c       0x28 ./component/uart/fsl_adapter_lpuart.o
 .text.BOARD_InitBootClocks
                0x00005664        0xc ./board/clock_config.o
                0x00005664                BOARD_InitBootClocks
 .text.SPC_EnableActiveModeAnalogModules
                0x00005670       0x26 ./board/hardware_init.o
 .text.__main   0x00005696        0xe C:/nxp/MCUXpressoIDE_25.6.136/ide/plugins/com.nxp.mcuxpresso.tools.win32_25.6.0.202501151204/tools/bin/../lib/gcc/arm-none-eabi/14.2.1/../../../../arm-none-eabi/lib/thumb/v8-m.main+fp/hard\libcr_nohost_nf.a(_cr__main.o)
                0x00005696                __main
 .text.memset   0x000056a4        0x4 C:/nxp/MCUXpressoIDE_25.6.136/ide/plugins/com.nxp.mcuxpresso.tools.win32_25.6.0.202501151204/tools/bin/../lib/gcc/arm-none-eabi/14.2.1/../../../../arm-none-eabi/lib/thumb/v8-m.main+fp/hard\libcr_c.a(memset.o)
                0x000056a4                memset
 .text.free     0x000056a8       0x30 C:/nxp/MCUXpressoIDE_25.6.136/ide/plugins/com.nxp.mcuxpresso.tools.win32_25.6.0.202501151204/tools/bin/../lib/gcc/arm-none-eabi/14.2.1/../../../../arm-none-eabi/lib/thumb/v8-m.main+fp/hard\libcr_c.a(alloc.o)
                0x000056a8                free
 .text.setvbuf  0x000056d8       0x3e C:/nxp/MCUXpressoIDE_25.6.136/ide/plugins/com.nxp.mcuxpresso.tools.win32_25.6.0.202501151204/tools/bin/../lib/gcc/arm-none-eabi/14.2.1/../../../../arm-none-eabi/lib/thumb/v8-m.main+fp/hard\libcr_c.a(setvbuf.o)
                0x000056d8                setvbuf
 .text.strlen   0x00005716       0x4e C:/nxp/MCUXpressoIDE_25.6.136/ide/plugins/com.nxp.mcuxpresso.tools.win32_25.6.0.202501151204/tools/bin/../lib/gcc/arm-none-eabi/14.2.1/../../../../arm-none-eabi/lib/thumb/v8-m.main+fp/hard\libcr_c.a(strlen.o)
                0x00005716                strlen
 .text._deferredlazyseek
                0x00005764       0x40 C:/nxp/MCUXpressoIDE_25.6.136/ide/plugins/com.nxp.mcuxpresso.tools.win32_25.6.0.202501151204/tools/bin/../lib/gcc/arm-none-eabi/14.2.1/../../../../arm-none-eabi/lib/thumb/v8-m.main+fp/hard\libcr_c.a(_deferredlazyseek.o)
                0x00005764                _deferredlazyseek
 .text._fdopen  0x000057a4       0x68 C:/nxp/MCUXpressoIDE_25.6.136/ide/plugins/com.nxp.mcuxpresso.tools.win32_25.6.0.202501151204/tools/bin/../lib/gcc/arm-none-eabi/14.2.1/../../../../arm-none-eabi/lib/thumb/v8-m.main+fp/hard\libcr_c.a(_fdopen.o)
                0x000057a4                _fdopen
 .text._fflush  0x0000580c       0x52 C:/nxp/MCUXpressoIDE_25.6.136/ide/plugins/com.nxp.mcuxpresso.tools.win32_25.6.0.202501151204/tools/bin/../lib/gcc/arm-none-eabi/14.2.1/../../../../arm-none-eabi/lib/thumb/v8-m.main+fp/hard\libcr_c.a(_fflush.o)
                0x0000580c                _fflush
 .text.fclose   0x0000585e       0x58 C:/nxp/MCUXpressoIDE_25.6.136/ide/plugins/com.nxp.mcuxpresso.tools.win32_25.6.0.202501151204/tools/bin/../lib/gcc/arm-none-eabi/14.2.1/../../../../arm-none-eabi/lib/thumb/v8-m.main+fp/hard\libcr_c.a(fclose.o)
                0x0000585e                fclose
 .text.remove   0x000058b6       0x14 C:/nxp/MCUXpressoIDE_25.6.136/ide/plugins/com.nxp.mcuxpresso.tools.win32_25.6.0.202501151204/tools/bin/../lib/gcc/arm-none-eabi/14.2.1/../../../../arm-none-eabi/lib/thumb/v8-m.main+fp/hard\libcr_c.a(remove.o)
                0x000058b6                remove
 .text._do_fflush
                0x000058ca       0x40 C:/nxp/MCUXpressoIDE_25.6.136/ide/plugins/com.nxp.mcuxpresso.tools.win32_25.6.0.202501151204/tools/bin/../lib/gcc/arm-none-eabi/14.2.1/../../../../arm-none-eabi/lib/thumb/v8-m.main+fp/hard\libcr_c.a(_do_fflush.o)
                0x000058ca                _do_fflush
 .text.__aeabi_division_ldivmod
                0x0000590a       0x26 C:/nxp/MCUXpressoIDE_25.6.136/ide/plugins/com.nxp.mcuxpresso.tools.win32_25.6.0.202501151204/tools/bin/../lib/gcc/arm-none-eabi/14.2.1/thumb/v8-m.main+fp/hard\libcr_eabihelpers.a(division_64.o)
                0x0000590a                __aeabi_ldivmod
 .text.__aeabi_division_uldivmod
                0x00005930      0x174 C:/nxp/MCUXpressoIDE_25.6.136/ide/plugins/com.nxp.mcuxpresso.tools.win32_25.6.0.202501151204/tools/bin/../lib/gcc/arm-none-eabi/14.2.1/thumb/v8-m.main+fp/hard\libcr_eabihelpers.a(division_64.o)
                0x00005930                __aeabi_uldivmod
                0x00005934                __bhs_ldivmod1
 .text.__aeabi_division_idiv0
                0x00005aa4        0x2 C:/nxp/MCUXpressoIDE_25.6.136/ide/plugins/com.nxp.mcuxpresso.tools.win32_25.6.0.202501151204/tools/bin/../lib/gcc/arm-none-eabi/14.2.1/thumb/v8-m.main+fp/hard\libcr_eabihelpers.a(division_idiv0.o)
                0x00005aa4                __aeabi_idiv0
 .text.__aeabi_d2iz
                0x00005aa6       0x42 C:/nxp/MCUXpressoIDE_25.6.136/ide/plugins/com.nxp.mcuxpresso.tools.win32_25.6.0.202501151204/tools/bin/../lib/gcc/arm-none-eabi/14.2.1/thumb/v8-m.main+fp/hard\libcr_eabihelpers.a(double.o)
                0x00005aa6                __aeabi_d2iz
 .text.__aeabi_d2lz
                0x00005ae8       0x74 C:/nxp/MCUXpressoIDE_25.6.136/ide/plugins/com.nxp.mcuxpresso.tools.win32_25.6.0.202501151204/tools/bin/../lib/gcc/arm-none-eabi/14.2.1/thumb/v8-m.main+fp/hard\libcr_eabihelpers.a(double.o)
                0x00005ae8                __aeabi_d2lz
 .text.__bhs_ui2d
                0x00005b5c       0x46 C:/nxp/MCUXpressoIDE_25.6.136/ide/plugins/com.nxp.mcuxpresso.tools.win32_25.6.0.202501151204/tools/bin/../lib/gcc/arm-none-eabi/14.2.1/thumb/v8-m.main+fp/hard\libcr_eabihelpers.a(double.o)
                0x00005b5c                __bhs_ui2d
 .text.__bhs_ul2d
                0x00005ba2       0x8a C:/nxp/MCUXpressoIDE_25.6.136/ide/plugins/com.nxp.mcuxpresso.tools.win32_25.6.0.202501151204/tools/bin/../lib/gcc/arm-none-eabi/14.2.1/thumb/v8-m.main+fp/hard\libcr_eabihelpers.a(double.o)
                0x00005ba2                __bhs_ul2d
 .text.__aeabi_i2d
                0x00005c2c       0x10 C:/nxp/MCUXpressoIDE_25.6.136/ide/plugins/com.nxp.mcuxpresso.tools.win32_25.6.0.202501151204/tools/bin/../lib/gcc/arm-none-eabi/14.2.1/thumb/v8-m.main+fp/hard\libcr_eabihelpers.a(double.o)
                0x00005c2c                __aeabi_i2d
 .text.__aeabi_ui2d
                0x00005c3c        0x8 C:/nxp/MCUXpressoIDE_25.6.136/ide/plugins/com.nxp.mcuxpresso.tools.win32_25.6.0.202501151204/tools/bin/../lib/gcc/arm-none-eabi/14.2.1/thumb/v8-m.main+fp/hard\libcr_eabihelpers.a(double.o)
                0x00005c3c                __aeabi_ui2d
 .text.__aeabi_l2d
                0x00005c44       0x22 C:/nxp/MCUXpressoIDE_25.6.136/ide/plugins/com.nxp.mcuxpresso.tools.win32_25.6.0.202501151204/tools/bin/../lib/gcc/arm-none-eabi/14.2.1/thumb/v8-m.main+fp/hard\libcr_eabihelpers.a(double.o)
                0x00005c44                __aeabi_l2d
 .text.__aeabi_dcmpeq
                0x00005c66       0x30 C:/nxp/MCUXpressoIDE_25.6.136/ide/plugins/com.nxp.mcuxpresso.tools.win32_25.6.0.202501151204/tools/bin/../lib/gcc/arm-none-eabi/14.2.1/thumb/v8-m.main+fp/hard\libcr_eabihelpers.a(double.o)
                0x00005c66                __aeabi_dcmpeq
 .text.__aeabi_dcmplt
                0x00005c96       0x56 C:/nxp/MCUXpressoIDE_25.6.136/ide/plugins/com.nxp.mcuxpresso.tools.win32_25.6.0.202501151204/tools/bin/../lib/gcc/arm-none-eabi/14.2.1/thumb/v8-m.main+fp/hard\libcr_eabihelpers.a(double.o)
                0x00005c96                __aeabi_dcmplt
 .text.__aeabi_dcmpgt
                0x00005cec       0x56 C:/nxp/MCUXpressoIDE_25.6.136/ide/plugins/com.nxp.mcuxpresso.tools.win32_25.6.0.202501151204/tools/bin/../lib/gcc/arm-none-eabi/14.2.1/thumb/v8-m.main+fp/hard\libcr_eabihelpers.a(double.o)
                0x00005cec                __aeabi_dcmpgt
 .text.__aeabi_dcmple
                0x00005d42       0x54 C:/nxp/MCUXpressoIDE_25.6.136/ide/plugins/com.nxp.mcuxpresso.tools.win32_25.6.0.202501151204/tools/bin/../lib/gcc/arm-none-eabi/14.2.1/thumb/v8-m.main+fp/hard\libcr_eabihelpers.a(double.o)
                0x00005d42                __aeabi_dcmple
 .text.__aeabi_dcmpge
                0x00005d96       0x5a C:/nxp/MCUXpressoIDE_25.6.136/ide/plugins/com.nxp.mcuxpresso.tools.win32_25.6.0.202501151204/tools/bin/../lib/gcc/arm-none-eabi/14.2.1/thumb/v8-m.main+fp/hard\libcr_eabihelpers.a(double.o)
                0x00005d96                __aeabi_dcmpge
 .text.__aeabi_f2ulz
                0x00005df0       0x3e C:/nxp/MCUXpressoIDE_25.6.136/ide/plugins/com.nxp.mcuxpresso.tools.win32_25.6.0.202501151204/tools/bin/../lib/gcc/arm-none-eabi/14.2.1/thumb/v8-m.main+fp/hard\libcr_eabihelpers.a(float.o)
                0x00005df0                __aeabi_f2ulz
 .text.__aeabi_memset_lowlevel
                0x00005e2e       0x32 C:/nxp/MCUXpressoIDE_25.6.136/ide/plugins/com.nxp.mcuxpresso.tools.win32_25.6.0.202501151204/tools/bin/../lib/gcc/arm-none-eabi/14.2.1/thumb/v8-m.main+fp/hard\libcr_eabihelpers.a(memcpy.o)
                0x00005e2e                __aeabi_lowlevel_memset
 .text.__sys_close
                0x00005e60        0x6 C:/nxp/MCUXpressoIDE_25.6.136/ide/plugins/com.nxp.mcuxpresso.tools.win32_25.6.0.202501151204/tools/bin/../lib/gcc/arm-none-eabi/14.2.1/../../../../arm-none-eabi/lib/thumb/v8-m.main+fp/hard\libcr_nohost_nf.a(__sys_close.o)
                0x00005e60                __sys_close
 .text.__sys_flen
                0x00005e66        0x6 C:/nxp/MCUXpressoIDE_25.6.136/ide/plugins/com.nxp.mcuxpresso.tools.win32_25.6.0.202501151204/tools/bin/../lib/gcc/arm-none-eabi/14.2.1/../../../../arm-none-eabi/lib/thumb/v8-m.main+fp/hard\libcr_nohost_nf.a(__sys_flen.o)
                0x00005e66                __sys_flen
 .text.__sys_istty
                0x00005e6c        0x6 C:/nxp/MCUXpressoIDE_25.6.136/ide/plugins/com.nxp.mcuxpresso.tools.win32_25.6.0.202501151204/tools/bin/../lib/gcc/arm-none-eabi/14.2.1/../../../../arm-none-eabi/lib/thumb/v8-m.main+fp/hard\libcr_nohost_nf.a(__sys_istty.o)
                0x00005e6c                __sys_istty
 .text.__sys_remove
                0x00005e72        0x6 C:/nxp/MCUXpressoIDE_25.6.136/ide/plugins/com.nxp.mcuxpresso.tools.win32_25.6.0.202501151204/tools/bin/../lib/gcc/arm-none-eabi/14.2.1/../../../../arm-none-eabi/lib/thumb/v8-m.main+fp/hard\libcr_nohost_nf.a(__sys_remove.o)
                0x00005e72                __sys_remove
 .text.__sys_seek
                0x00005e78        0x6 C:/nxp/MCUXpressoIDE_25.6.136/ide/plugins/com.nxp.mcuxpresso.tools.win32_25.6.0.202501151204/tools/bin/../lib/gcc/arm-none-eabi/14.2.1/../../../../arm-none-eabi/lib/thumb/v8-m.main+fp/hard\libcr_nohost_nf.a(__sys_seek.o)
                0x00005e78                __sys_seek
 .text.__sys_tmpnam
                0x00005e7e        0x6 C:/nxp/MCUXpressoIDE_25.6.136/ide/plugins/com.nxp.mcuxpresso.tools.win32_25.6.0.202501151204/tools/bin/../lib/gcc/arm-none-eabi/14.2.1/../../../../arm-none-eabi/lib/thumb/v8-m.main+fp/hard\libcr_nohost_nf.a(__sys_tmpnam.o)
                0x00005e7e                __sys_tmpnam
 .text.__sys_write
                0x00005e84        0x4 C:/nxp/MCUXpressoIDE_25.6.136/ide/plugins/com.nxp.mcuxpresso.tools.win32_25.6.0.202501151204/tools/bin/../lib/gcc/arm-none-eabi/14.2.1/../../../../arm-none-eabi/lib/thumb/v8-m.main+fp/hard\libcr_nohost_nf.a(__sys_write.o)
                0x00005e84                __sys_write
 *(SORT_BY_ALIGNMENT(.rodata) SORT_BY_ALIGNMENT(.rodata.*) SORT_BY_ALIGNMENT(.constdata) SORT_BY_ALIGNMENT(.constdata.*))
 .rodata.a2.0   0x00005e88       0x40 C:/nxp/MCUXpressoIDE_25.6.136/ide/plugins/com.nxp.mcuxpresso.tools.win32_25.6.0.202501151204/tools/bin/../lib/gcc/arm-none-eabi/14.2.1/../../../../arm-none-eabi/lib/thumb/v8-m.main+fp/hard\libcr_c.a(pow.o)
 .rodata.a1.1   0x00005ec8       0x88 C:/nxp/MCUXpressoIDE_25.6.136/ide/plugins/com.nxp.mcuxpresso.tools.win32_25.6.0.202501151204/tools/bin/../lib/gcc/arm-none-eabi/14.2.1/../../../../arm-none-eabi/lib/thumb/v8-m.main+fp/hard\libcr_c.a(pow.o)
 .rodata.__assertion_failed.str1.4
                0x00005f50      0xc63 ./utilities/fsl_assert.o
                                 0x14 (size before relaxing)
 .rodata.LPADC_EnableInterrupts.str1.4
                0x00006bb3       0xce ./source/lpadc_temperature_measurement.o
 .rodata.main.str1.4
                0x00006bb3       0xd1 ./source/lpadc_temperature_measurement.o
 .rodata.CLOCK_AttachClk.str1.4
                0x00006bb3       0x59 ./drivers/fsl_clock.o
 .rodata.SDK_DelayAtLeastUs.str1.4
                0x00006bb3       0x2b ./drivers/fsl_common_arm.o
 .rodata.CLOCK_EnableClock.str1.4
                0x00006bb3       0x36 ./drivers/fsl_lpadc.o
 *fill*         0x00006bb3        0x1 ff
 .rodata.s_lpadcBases
                0x00006bb4        0x8 ./drivers/fsl_lpadc.o
 .rodata.s_lpadcClocks
                0x00006bbc        0x4 ./drivers/fsl_lpadc.o
 .rodata.s_lpadcResets
                0x00006bc0        0x8 ./drivers/fsl_lpadc.o
 .rodata.LPADC_GetInstance.str1.4
                0x00006bc8       0x36 ./drivers/fsl_lpadc.o
 .rodata.LPADC_Init.str1.4
                0x00006bc8       0x21 ./drivers/fsl_lpadc.o
 .rodata.LPADC_GetConvResult.str1.4
                0x00006bc8       0x21 ./drivers/fsl_lpadc.o
 .rodata.LPADC_SetConvTriggerConfig.str1.4
                0x00006bc8       0x51 ./drivers/fsl_lpadc.o
 .rodata.LPADC_GetDefaultConvTriggerConfig.str1.4
                0x00006bc8       0x21 ./drivers/fsl_lpadc.o
 .rodata.LPADC_SetConvCommandConfig.str1.4
                0x00006bc8      0x1ac ./drivers/fsl_lpadc.o
 .rodata.LPADC_GetDefaultConvCommandConfig.str1.4
                0x00006bc8       0x21 ./drivers/fsl_lpadc.o
 .rodata.LPADC_PrepareAutoCalibration.str1.4
                0x00006bc8       0x69 ./drivers/fsl_lpadc.o
 .rodata.CLOCK_EnableClock.str1.4
                0x00006bc8       0x36 ./drivers/fsl_lpflexcomm.o
 .rodata.s_lpflexcommBase
                0x00006bc8       0x28 ./drivers/fsl_lpflexcomm.o
 .rodata.s_lpflexcommClocks
                0x00006bf0       0x14 ./drivers/fsl_lpflexcomm.o
 .rodata.s_lpflexcommResets
                0x00006c04       0x28 ./drivers/fsl_lpflexcomm.o
 .rodata.LP_FLEXCOMM_SetPeriph.str1.4
                0x00006c2c       0x43 ./drivers/fsl_lpflexcomm.o
 .rodata.LP_FLEXCOMM_Init.str1.4
                0x00006c2c       0x49 ./drivers/fsl_lpflexcomm.o
 .rodata.s_lpuartBases
                0x00006c2c       0x28 ./drivers/fsl_lpuart.o
 .rodata.LPUART_GetInstance.str1.4
                0x00006c54       0x38 ./drivers/fsl_lpuart.o
 .rodata.LPUART_Init.str1.4
                0x00006c54      0x10a ./drivers/fsl_lpuart.o
 .rodata.LPUART_GetDefaultConfig.str1.4
                0x00006c54       0x22 ./drivers/fsl_lpuart.o
 .rodata.LPUART_WriteBlocking.str1.4
                0x00006c54       0x21 ./drivers/fsl_lpuart.o
 .rodata.LPUART_ReadBlocking.str1.4
                0x00006c54       0x21 ./drivers/fsl_lpuart.o
 .rodata.RESET_ClearPeripheralReset.str1.4
                0x00006c54       0x57 ./drivers/fsl_reset.o
 .rodata.SPC_SetSRAMOperateVoltage.str1.4
                0x00006c54       0x1f ./drivers/fsl_spc.o
 .rodata.SPC_SetActiveModeCoreLDORegulatorConfig.str1.4
                0x00006c54       0x1f ./drivers/fsl_spc.o
 .rodata.SPC_SetActiveModeDCDCRegulatorConfig.str1.4
                0x00006c54       0x20 ./drivers/fsl_spc.o
 .rodata.CLOCK_EnableClock.str1.4
                0x00006c54       0x36 ./drivers/fsl_vref.o
 .rodata.VREF_GetInstance.str1.4
                0x00006c54       0x33 ./drivers/fsl_vref.o
 .rodata.VREF_Init.str1.4
                0x00006c54       0x1f ./drivers/fsl_vref.o
 .rodata.VREF_GetDefaultConfig.str1.4
                0x00006c54       0x20 ./drivers/fsl_vref.o
 .rodata.s_LpuartAdapterBase
                0x00006c54       0x28 ./component/uart/fsl_adapter_lpuart.o
 .rodata.HAL_UartInit.str1.4
                0x00006c7c      0x116 ./component/uart/fsl_adapter_lpuart.o
 .rodata.HAL_UartReceiveBlocking.str1.4
                0x00006c7c       0x7b ./component/uart/fsl_adapter_lpuart.o
 .rodata.HAL_UartSendBlocking.str1.4
                0x00006c7c       0x7b ./component/uart/fsl_adapter_lpuart.o
 .rodata.CLOCK_EnableClock.str1.4
                0x00006c7c       0xa5 ./board/clock_config.o
 .rodata        0x00006c7c       0x22 ./board/clock_config.o
 .rodata.CLOCK_EnableClock.str1.4
                0x00006c9e       0xa5 ./board/pin_mux.o
 .rodata.PORT_SetPinConfig.str1.4
                0x00006c9e       0x8f ./board/pin_mux.o
 *fill*         0x00006c9e        0x2 ff
 .rodata.__num_Ciob_streams
                0x00006ca0        0x4 C:/nxp/MCUXpressoIDE_25.6.136/ide/plugins/com.nxp.mcuxpresso.tools.win32_25.6.0.202501151204/tools/bin/../lib/gcc/arm-none-eabi/14.2.1/../../../../arm-none-eabi/lib/thumb/v8-m.main+fp/hard\libcr_nohost_nf.a(__ciob.o)
                0x00006ca0                __num_Ciob_streams
 .rodata._initio.str1.1
                0x00006ca4        0x4 C:/nxp/MCUXpressoIDE_25.6.136/ide/plugins/com.nxp.mcuxpresso.tools.win32_25.6.0.202501151204/tools/bin/../lib/gcc/arm-none-eabi/14.2.1/../../../../arm-none-eabi/lib/thumb/v8-m.main+fp/hard\libcr_c.a(initio.o)
                0x00006ca8                        . = ALIGN (0x4)

.glue_7         0x00006ca8        0x0
 .glue_7        0x00006ca8        0x0 linker stubs

.glue_7t        0x00006ca8        0x0
 .glue_7t       0x00006ca8        0x0 linker stubs

.vfp11_veneer   0x00006ca8        0x0
 .vfp11_veneer  0x00006ca8        0x0 linker stubs

.v4_bx          0x00006ca8        0x0
 .v4_bx         0x00006ca8        0x0 linker stubs

.iplt           0x00006ca8        0x0
 .iplt          0x00006ca8        0x0 ./utilities/debug_console_lite/fsl_debug_console.o

.rel.dyn        0x00006ca8        0x0
 .rel.iplt      0x00006ca8        0x0 ./utilities/debug_console_lite/fsl_debug_console.o

.ARM.extab
 *(SORT_BY_ALIGNMENT(.ARM.extab*) SORT_BY_ALIGNMENT(.gnu.linkonce.armextab.*))

.ARM.exidx      0x00006ca8        0x0
                0x00006ca8                        __exidx_start = .
 *(SORT_BY_ALIGNMENT(.ARM.exidx*) SORT_BY_ALIGNMENT(.gnu.linkonce.armexidx.*))
                0x00006ca8                        __exidx_end = .
                0x00006ca8                        _etext = .

.m_usb_data
 *(SORT_BY_ALIGNMENT(m_usb_global))

.data_RAM2      0x04000000        0x0 load address 0x00006ca8
 FILL mask 0xff
                [!provide]                        PROVIDE (__start_data_RAM2 = .)
                [!provide]                        PROVIDE (__start_data_SRAMX = .)
 *(SORT_BY_ALIGNMENT(.ramfunc.$RAM2))
 *(SORT_BY_ALIGNMENT(.ramfunc.$SRAMX))
 *(SORT_BY_ALIGNMENT(.data.$RAM2))
 *(SORT_BY_ALIGNMENT(.data.$SRAMX))
 *(SORT_BY_ALIGNMENT(.data.$RAM2.*))
 *(SORT_BY_ALIGNMENT(.data.$SRAMX.*))
                0x04000000                        . = ALIGN (0x4)
                [!provide]                        PROVIDE (__end_data_RAM2 = .)
                [!provide]                        PROVIDE (__end_data_SRAMX = .)

.data_RAM3      0x20060000        0x0 load address 0x00006ca8
 FILL mask 0xff
                [!provide]                        PROVIDE (__start_data_RAM3 = .)
                [!provide]                        PROVIDE (__start_data_SRAMH = .)
 *(SORT_BY_ALIGNMENT(.ramfunc.$RAM3))
 *(SORT_BY_ALIGNMENT(.ramfunc.$SRAMH))
 *(SORT_BY_ALIGNMENT(.data.$RAM3))
 *(SORT_BY_ALIGNMENT(.data.$SRAMH))
 *(SORT_BY_ALIGNMENT(.data.$RAM3.*))
 *(SORT_BY_ALIGNMENT(.data.$SRAMH.*))
                0x20060000                        . = ALIGN (0x4)
                [!provide]                        PROVIDE (__end_data_RAM3 = .)
                [!provide]                        PROVIDE (__end_data_SRAMH = .)

.data_RAM4      0x400ba000        0x0 load address 0x00006ca8
 FILL mask 0xff
                [!provide]                        PROVIDE (__start_data_RAM4 = .)
                [!provide]                        PROVIDE (__start_data_USB_RAM = .)
 *(SORT_BY_ALIGNMENT(.ramfunc.$RAM4))
 *(SORT_BY_ALIGNMENT(.ramfunc.$USB_RAM))
 *(SORT_BY_ALIGNMENT(.data.$RAM4))
 *(SORT_BY_ALIGNMENT(.data.$USB_RAM))
 *(SORT_BY_ALIGNMENT(.data.$RAM4.*))
 *(SORT_BY_ALIGNMENT(.data.$USB_RAM.*))
                0x400ba000                        . = ALIGN (0x4)
                [!provide]                        PROVIDE (__end_data_RAM4 = .)
                [!provide]                        PROVIDE (__end_data_USB_RAM = .)

.uninit_RESERVED
                0x20000000        0x0
                0x20000000                        _start_uninit_RESERVED = .
 *(SORT_BY_ALIGNMENT(.bss.$RESERVED*))
                0x20000000                        . = ALIGN (0x4)
                0x20000000                        _end_uninit_RESERVED = .

.data           0x20000000        0xc load address 0x00006ca8
 FILL mask 0xff
                0x20000000                        _data = .
                [!provide]                        PROVIDE (__start_data_RAM = .)
                [!provide]                        PROVIDE (__start_data_SRAM = .)
 *(SORT_BY_ALIGNMENT(vtable))
 *(SORT_BY_ALIGNMENT(.ramfunc*))
 *(SORT_BY_ALIGNMENT(CodeQuickAccess))
 *(SORT_BY_ALIGNMENT(DataQuickAccess))
 *(SORT_BY_ALIGNMENT(RamFunction))
 *(SORT_BY_ALIGNMENT(.data*))
 .data.s_Ext_Clk_Freq
                0x20000000        0x4 ./drivers/fsl_clock.o
 .data.s_Xtal32_Freq
                0x20000004        0x4 ./drivers/fsl_clock.o
 .data.SystemCoreClock
                0x20000008        0x4 ./device/system_MCXN947_cm33_core0.o
                0x20000008                SystemCoreClock
                0x2000000c                        . = ALIGN (0x4)
                0x2000000c                        _edata = .
                [!provide]                        PROVIDE (__end_data_RAM = .)
                [!provide]                        PROVIDE (__end_data_SRAM = .)

.igot.plt       0x2000000c        0x0 load address 0x00006cb4
 .igot.plt      0x2000000c        0x0 ./utilities/debug_console_lite/fsl_debug_console.o

.bss_RAM2       0x04000000        0x0
                [!provide]                        PROVIDE (__start_bss_RAM2 = .)
                [!provide]                        PROVIDE (__start_bss_SRAMX = .)
 *(SORT_BY_ALIGNMENT(.bss.$RAM2))
 *(SORT_BY_ALIGNMENT(.bss.$SRAMX))
 *(SORT_BY_ALIGNMENT(.bss.$RAM2.*))
 *(SORT_BY_ALIGNMENT(.bss.$SRAMX.*))
                0x04000000                        . = ALIGN ((. != 0x0)?0x4:0x1)
                [!provide]                        PROVIDE (__end_bss_RAM2 = .)
                [!provide]                        PROVIDE (__end_bss_SRAMX = .)

.bss_RAM3       0x20060000        0x0
                [!provide]                        PROVIDE (__start_bss_RAM3 = .)
                [!provide]                        PROVIDE (__start_bss_SRAMH = .)
 *(SORT_BY_ALIGNMENT(.bss.$RAM3))
 *(SORT_BY_ALIGNMENT(.bss.$SRAMH))
 *(SORT_BY_ALIGNMENT(.bss.$RAM3.*))
 *(SORT_BY_ALIGNMENT(.bss.$SRAMH.*))
                0x20060000                        . = ALIGN ((. != 0x0)?0x4:0x1)
                [!provide]                        PROVIDE (__end_bss_RAM3 = .)
                [!provide]                        PROVIDE (__end_bss_SRAMH = .)

.bss_RAM4       0x400ba000        0x0
                [!provide]                        PROVIDE (__start_bss_RAM4 = .)
                [!provide]                        PROVIDE (__start_bss_USB_RAM = .)
 *(SORT_BY_ALIGNMENT(.bss.$RAM4))
 *(SORT_BY_ALIGNMENT(.bss.$USB_RAM))
 *(SORT_BY_ALIGNMENT(.bss.$RAM4.*))
 *(SORT_BY_ALIGNMENT(.bss.$USB_RAM.*))
                0x400ba000                        . = ALIGN ((. != 0x0)?0x4:0x1)
                [!provide]                        PROVIDE (__end_bss_RAM4 = .)
                [!provide]                        PROVIDE (__end_bss_USB_RAM = .)

.bss            0x2000000c      0x23c
                0x2000000c                        _bss = .
                [!provide]                        PROVIDE (__start_bss_RAM = .)
                [!provide]                        PROVIDE (__start_bss_SRAM = .)
 *(SORT_BY_ALIGNMENT(.bss*))
 .bss.s_debugConsole
                0x2000000c       0x14 ./utilities/debug_console_lite/fsl_debug_console.o
 .bss.g_LpadcCommandConfigStruct
                0x20000020       0x28 ./source/lpadc_temperature_measurement.o
                0x20000020                g_LpadcCommandConfigStruct
 .bss.g_CurrentTemperature
                0x20000048        0x4 ./source/lpadc_temperature_measurement.o
                0x20000048                g_CurrentTemperature
 .bss.s_lpflexcommIrqHandler
                0x2000004c       0xa0 ./drivers/fsl_lpflexcomm.o
 .bss.s_lpflexcommHandle
                0x200000ec       0xa0 ./drivers/fsl_lpflexcomm.o
 .bss.errno     0x2000018c        0x4 C:/nxp/MCUXpressoIDE_25.6.136/ide/plugins/com.nxp.mcuxpresso.tools.win32_25.6.0.202501151204/tools/bin/../lib/gcc/arm-none-eabi/14.2.1/../../../../arm-none-eabi/lib/thumb/v8-m.main+fp/hard\libcr_c.a(errno.o)
                0x2000018c                errno
 .bss.__Ciob    0x20000190       0xb4 C:/nxp/MCUXpressoIDE_25.6.136/ide/plugins/com.nxp.mcuxpresso.tools.win32_25.6.0.202501151204/tools/bin/../lib/gcc/arm-none-eabi/14.2.1/../../../../arm-none-eabi/lib/thumb/v8-m.main+fp/hard\libcr_nohost_nf.a(__ciob.o)
                0x20000190                __Ciob
 .bss.g_LpadcConversionCompletedFlag
                0x20000244        0x1 ./source/lpadc_temperature_measurement.o
                0x20000244                g_LpadcConversionCompletedFlag
 *(SORT_BY_ALIGNMENT(COMMON))
                0x20000248                        . = ALIGN (0x4)
 *fill*         0x20000245        0x3 
                0x20000248                        _ebss = .
                [!provide]                        PROVIDE (__end_bss_RAM = .)
                [!provide]                        PROVIDE (__end_bss_SRAM = .)
                [!provide]                        PROVIDE (end = .)

.noinit_RAM2    0x04000000        0x0
                [!provide]                        PROVIDE (__start_noinit_RAM2 = .)
                [!provide]                        PROVIDE (__start_noinit_SRAMX = .)
 *(SORT_BY_ALIGNMENT(.noinit.$RAM2))
 *(SORT_BY_ALIGNMENT(.noinit.$SRAMX))
 *(SORT_BY_ALIGNMENT(.noinit.$RAM2.*))
 *(SORT_BY_ALIGNMENT(.noinit.$SRAMX.*))
                0x04000000                        . = ALIGN (0x4)
                [!provide]                        PROVIDE (__end_noinit_RAM2 = .)
                [!provide]                        PROVIDE (__end_noinit_SRAMX = .)

.noinit_RAM3    0x20060000        0x0
                [!provide]                        PROVIDE (__start_noinit_RAM3 = .)
                [!provide]                        PROVIDE (__start_noinit_SRAMH = .)
 *(SORT_BY_ALIGNMENT(.noinit.$RAM3))
 *(SORT_BY_ALIGNMENT(.noinit.$SRAMH))
 *(SORT_BY_ALIGNMENT(.noinit.$RAM3.*))
 *(SORT_BY_ALIGNMENT(.noinit.$SRAMH.*))
                0x20060000                        . = ALIGN (0x4)
                [!provide]                        PROVIDE (__end_noinit_RAM3 = .)
                [!provide]                        PROVIDE (__end_noinit_SRAMH = .)

.noinit_RAM4    0x400ba000        0x0
                [!provide]                        PROVIDE (__start_noinit_RAM4 = .)
                [!provide]                        PROVIDE (__start_noinit_USB_RAM = .)
 *(SORT_BY_ALIGNMENT(.noinit.$RAM4))
 *(SORT_BY_ALIGNMENT(.noinit.$USB_RAM))
 *(SORT_BY_ALIGNMENT(.noinit.$RAM4.*))
 *(SORT_BY_ALIGNMENT(.noinit.$USB_RAM.*))
                0x400ba000                        . = ALIGN (0x4)
                [!provide]                        PROVIDE (__end_noinit_RAM4 = .)
                [!provide]                        PROVIDE (__end_noinit_USB_RAM = .)

.noinit         0x20000248        0x0
                0x20000248                        _noinit = .
                [!provide]                        PROVIDE (__start_noinit_RAM = .)
                [!provide]                        PROVIDE (__start_noinit_SRAM = .)
 *(SORT_BY_ALIGNMENT(.noinit*))
                0x20000248                        . = ALIGN (0x4)
                0x20000248                        _end_noinit = .
                [!provide]                        PROVIDE (__end_noinit_RAM = .)
                [!provide]                        PROVIDE (__end_noinit_SRAM = .)
                0x00001000                        _HeapSize = 0x1000

.heap           0x20000248     0x1000
                0x20000248                        _pvHeapStart = .
                0x20001248                        . = (. + _HeapSize)
 *fill*         0x20000248     0x1000 
                0x20001248                        . = ALIGN (0x4)
                0x20001248                        _pvHeapLimit = .
                0x00001000                        _StackSize = 0x1000

.heap2stackfill
                0x20001248     0x1000
                0x20002248                        . = (. + _StackSize)
 *fill*         0x20001248     0x1000 

.stack          0x2005f000        0x0
                0x2005f000                        _vStackBase = .
                0x2005f000                        . = ALIGN (0x4)
                0x20060000                        _vStackTop = (. + _StackSize)
                0x00000000                        _image_start = LOADADDR (.text)
                0x00006cb4                        _image_end = (LOADADDR (.data) + SIZEOF (.data))
                0x00006cb4                        _image_size = (_image_end - _image_start)
OUTPUT(frdmmcxn947_lpadc_temperature_measurement_cm33_core0.axf elf32-littlearm)
LOAD linker stubs

.debug_info     0x00000000    0x24911
 .debug_info    0x00000000      0xf21 ./utilities/debug_console_lite/fsl_debug_console.o
 .debug_info    0x00000f21      0x1c9 ./utilities/fsl_assert.o
 .debug_info    0x000010ea       0x24 ./utilities/fsl_memcpy.o
 .debug_info    0x0000110e     0x14b6 ./startup/startup_mcxn947_cm33_core0.o
 .debug_info    0x000025c4     0x14d5 ./source/lpadc_temperature_measurement.o
 .debug_info    0x00003a99       0x3c ./source/semihost_hardfault.o
 .debug_info    0x00003ad5     0x5287 ./drivers/fsl_clock.o
 .debug_info    0x00008d5c      0x38b ./drivers/fsl_common_arm.o
 .debug_info    0x000090e7     0x294a ./drivers/fsl_lpadc.o
 .debug_info    0x0000ba31     0x239a ./drivers/fsl_lpflexcomm.o
 .debug_info    0x0000ddcb     0x2424 ./drivers/fsl_lpuart.o
 .debug_info    0x000101ef     0x12ed ./drivers/fsl_reset.o
 .debug_info    0x000114dc     0x1a73 ./drivers/fsl_spc.o
 .debug_info    0x00012f4f     0x1a45 ./drivers/fsl_vref.o
 .debug_info    0x00014994     0x197c ./device/system_MCXN947_cm33_core0.o
 .debug_info    0x00016310      0xe7d ./component/uart/fsl_adapter_lpuart.o
 .debug_info    0x0001718d     0x12e1 ./board/board.o
 .debug_info    0x0001846e     0x27ca ./board/clock_config.o
 .debug_info    0x0001ac38     0x1552 ./board/hardware_init.o
 .debug_info    0x0001c18a     0x1740 ./board/pin_mux.o
 .debug_info    0x0001d8ca       0x85 C:/nxp/MCUXpressoIDE_25.6.136/ide/plugins/com.nxp.mcuxpresso.tools.win32_25.6.0.202501151204/tools/bin/../lib/gcc/arm-none-eabi/14.2.1/../../../../arm-none-eabi/lib/thumb/v8-m.main+fp/hard\libcr_nohost_nf.a(_cr__main.o)
 .debug_info    0x0001d94f       0xfc C:/nxp/MCUXpressoIDE_25.6.136/ide/plugins/com.nxp.mcuxpresso.tools.win32_25.6.0.202501151204/tools/bin/../lib/gcc/arm-none-eabi/14.2.1/../../../../arm-none-eabi/lib/thumb/v8-m.main+fp/hard\libcr_c.a(memset.o)